Archive member included to satisfy reference by file (symbol)

/Users/sanyv/code/AC6/SystemWorkbench.app/Contents/Eclipse/plugins/fr.ac6.mcu.externaltools.arm-none.macos64_1.17.0.201812190825/tools/compiler/bin/../lib/gcc/arm-none-eabi/7.3.1/thumb/v7e-m/fpv4-sp/hard/libgcc.a(_arm_addsubdf3.o)
                              Src/cli.o (__aeabi_f2d)
/Users/sanyv/code/AC6/SystemWorkbench.app/Contents/Eclipse/plugins/fr.ac6.mcu.externaltools.arm-none.macos64_1.17.0.201812190825/tools/compiler/bin/../lib/gcc/arm-none-eabi/7.3.1/../../../../arm-none-eabi/lib/thumb/v7e-m/fpv4-sp/hard/libc.a(lib_a-bsearch.o)
                              Src/cli.o (bsearch)
/Users/sanyv/code/AC6/SystemWorkbench.app/Contents/Eclipse/plugins/fr.ac6.mcu.externaltools.arm-none.macos64_1.17.0.201812190825/tools/compiler/bin/../lib/gcc/arm-none-eabi/7.3.1/../../../../arm-none-eabi/lib/thumb/v7e-m/fpv4-sp/hard/libc.a(lib_a-exit.o)
                              /Users/sanyv/code/AC6/SystemWorkbench.app/Contents/Eclipse/plugins/fr.ac6.mcu.externaltools.arm-none.macos64_1.17.0.201812190825/tools/compiler/bin/../lib/gcc/arm-none-eabi/7.3.1/../../../../arm-none-eabi/lib/thumb/v7e-m/fpv4-sp/hard/crt0.o (exit)
/Users/sanyv/code/AC6/SystemWorkbench.app/Contents/Eclipse/plugins/fr.ac6.mcu.externaltools.arm-none.macos64_1.17.0.201812190825/tools/compiler/bin/../lib/gcc/arm-none-eabi/7.3.1/../../../../arm-none-eabi/lib/thumb/v7e-m/fpv4-sp/hard/libc.a(lib_a-impure.o)
                              /Users/sanyv/code/AC6/SystemWorkbench.app/Contents/Eclipse/plugins/fr.ac6.mcu.externaltools.arm-none.macos64_1.17.0.201812190825/tools/compiler/bin/../lib/gcc/arm-none-eabi/7.3.1/../../../../arm-none-eabi/lib/thumb/v7e-m/fpv4-sp/hard/libc.a(lib_a-exit.o) (_global_impure_ptr)
/Users/sanyv/code/AC6/SystemWorkbench.app/Contents/Eclipse/plugins/fr.ac6.mcu.externaltools.arm-none.macos64_1.17.0.201812190825/tools/compiler/bin/../lib/gcc/arm-none-eabi/7.3.1/../../../../arm-none-eabi/lib/thumb/v7e-m/fpv4-sp/hard/libc.a(lib_a-init.o)
                              /Users/sanyv/code/AC6/SystemWorkbench.app/Contents/Eclipse/plugins/fr.ac6.mcu.externaltools.arm-none.macos64_1.17.0.201812190825/tools/compiler/bin/../lib/gcc/arm-none-eabi/7.3.1/../../../../arm-none-eabi/lib/thumb/v7e-m/fpv4-sp/hard/crt0.o (__libc_init_array)
/Users/sanyv/code/AC6/SystemWorkbench.app/Contents/Eclipse/plugins/fr.ac6.mcu.externaltools.arm-none.macos64_1.17.0.201812190825/tools/compiler/bin/../lib/gcc/arm-none-eabi/7.3.1/../../../../arm-none-eabi/lib/thumb/v7e-m/fpv4-sp/hard/libc.a(lib_a-memcpy.o)
                              Src/cli.o (memcpy)
/Users/sanyv/code/AC6/SystemWorkbench.app/Contents/Eclipse/plugins/fr.ac6.mcu.externaltools.arm-none.macos64_1.17.0.201812190825/tools/compiler/bin/../lib/gcc/arm-none-eabi/7.3.1/../../../../arm-none-eabi/lib/thumb/v7e-m/fpv4-sp/hard/libc.a(lib_a-memset.o)
                              /Users/sanyv/code/AC6/SystemWorkbench.app/Contents/Eclipse/plugins/fr.ac6.mcu.externaltools.arm-none.macos64_1.17.0.201812190825/tools/compiler/bin/../lib/gcc/arm-none-eabi/7.3.1/../../../../arm-none-eabi/lib/thumb/v7e-m/fpv4-sp/hard/crt0.o (memset)
/Users/sanyv/code/AC6/SystemWorkbench.app/Contents/Eclipse/plugins/fr.ac6.mcu.externaltools.arm-none.macos64_1.17.0.201812190825/tools/compiler/bin/../lib/gcc/arm-none-eabi/7.3.1/../../../../arm-none-eabi/lib/thumb/v7e-m/fpv4-sp/hard/libc.a(lib_a-sprintf.o)
                              Src/cli.o (sprintf)
/Users/sanyv/code/AC6/SystemWorkbench.app/Contents/Eclipse/plugins/fr.ac6.mcu.externaltools.arm-none.macos64_1.17.0.201812190825/tools/compiler/bin/../lib/gcc/arm-none-eabi/7.3.1/../../../../arm-none-eabi/lib/thumb/v7e-m/fpv4-sp/hard/libc.a(lib_a-sscanf.o)
                              Src/cli.o (sscanf)
/Users/sanyv/code/AC6/SystemWorkbench.app/Contents/Eclipse/plugins/fr.ac6.mcu.externaltools.arm-none.macos64_1.17.0.201812190825/tools/compiler/bin/../lib/gcc/arm-none-eabi/7.3.1/../../../../arm-none-eabi/lib/thumb/v7e-m/fpv4-sp/hard/libc.a(lib_a-stdio.o)
                              /Users/sanyv/code/AC6/SystemWorkbench.app/Contents/Eclipse/plugins/fr.ac6.mcu.externaltools.arm-none.macos64_1.17.0.201812190825/tools/compiler/bin/../lib/gcc/arm-none-eabi/7.3.1/../../../../arm-none-eabi/lib/thumb/v7e-m/fpv4-sp/hard/libc.a(lib_a-sscanf.o) (__seofread)
/Users/sanyv/code/AC6/SystemWorkbench.app/Contents/Eclipse/plugins/fr.ac6.mcu.externaltools.arm-none.macos64_1.17.0.201812190825/tools/compiler/bin/../lib/gcc/arm-none-eabi/7.3.1/../../../../arm-none-eabi/lib/thumb/v7e-m/fpv4-sp/hard/libc.a(lib_a-strlen.o)
                              Src/cli.o (strlen)
/Users/sanyv/code/AC6/SystemWorkbench.app/Contents/Eclipse/plugins/fr.ac6.mcu.externaltools.arm-none.macos64_1.17.0.201812190825/tools/compiler/bin/../lib/gcc/arm-none-eabi/7.3.1/../../../../arm-none-eabi/lib/thumb/v7e-m/fpv4-sp/hard/libc.a(lib_a-strncasecmp.o)
                              Src/cli.o (strncasecmp)
[...]
Memory Configuration

Name             Origin             Length             Attributes
RAM              0x0000000020000000 0x0000000000020000 xrw
CCMRAM           0x0000000010000000 0x0000000000010000 rw
FLASH            0x0000000008000000 0x0000000000100000 xr
*default*        0x0000000000000000 0xffffffffffffffff

Linker script and memory map

LOAD /Users/sanyv/code/AC6/SystemWorkbench.app/Contents/Eclipse/plugins/fr.ac6.mcu.externaltools.arm-none.macos64_1.17.0.201812190825/tools/compiler/bin/../lib/gcc/arm-none-eabi/7.3.1/thumb/v7e-m/fpv4-sp/hard/crti.o
LOAD /Users/sanyv/code/AC6/SystemWorkbench.app/Contents/Eclipse/plugins/fr.ac6.mcu.externaltools.arm-none.macos64_1.17.0.201812190825/tools/compiler/bin/../lib/gcc/arm-none-eabi/7.3.1/thumb/v7e-m/fpv4-sp/hard/crtbegin.o
LOAD /Users/sanyv/code/AC6/SystemWorkbench.app/Contents/Eclipse/plugins/fr.ac6.mcu.externaltools.arm-none.macos64_1.17.0.201812190825/tools/compiler/bin/../lib/gcc/arm-none-eabi/7.3.1/../../../../arm-none-eabi/lib/thumb/v7e-m/fpv4-sp/hard/crt0.o
LOAD Drivers/STM32F4xx_HAL_Driver/Src/stm32f4xx_ll_adc.o
LOAD Drivers/STM32F4xx_HAL_Driver/Src/stm32f4xx_ll_dma.o
LOAD Drivers/STM32F4xx_HAL_Driver/Src/stm32f4xx_ll_exti.o
LOAD Drivers/STM32F4xx_HAL_Driver/Src/stm32f4xx_ll_gpio.o
LOAD Drivers/STM32F4xx_HAL_Driver/Src/stm32f4xx_ll_rcc.o
LOAD Drivers/STM32F4xx_HAL_Driver/Src/stm32f4xx_ll_tim.o
LOAD Drivers/STM32F4xx_HAL_Driver/Src/stm32f4xx_ll_usart.o
LOAD Drivers/STM32F4xx_HAL_Driver/Src/stm32f4xx_ll_utils.o
LOAD Src/adc.o
LOAD Src/cli.o
LOAD Src/dma.o
LOAD Src/gpio.o
LOAD Src/main.o
LOAD Src/serial.o
LOAD Src/stm32f4xx_it.o
LOAD Src/system_stm32f4xx.o
LOAD Src/tim.o
LOAD Src/timer.o
LOAD Src/usart.o
LOAD startup/startup_stm32f407xx.o
LOAD /Users/sanyv/code/AC6/SystemWorkbench.app/Contents/Eclipse/plugins/fr.ac6.mcu.externaltools.arm-none.macos64_1.17.0.201812190825/tools/compiler/bin/../lib/gcc/arm-none-eabi/7.3.1/../../../../arm-none-eabi/lib/thumb/v7e-m/fpv4-sp/hard/libm.a
START GROUP
LOAD /Users/sanyv/code/AC6/SystemWorkbench.app/Contents/Eclipse/plugins/fr.ac6.mcu.externaltools.arm-none.macos64_1.17.0.201812190825/tools/compiler/bin/../lib/gcc/arm-none-eabi/7.3.1/thumb/v7e-m/fpv4-sp/hard/libgcc.a
LOAD /Users/sanyv/code/AC6/SystemWorkbench.app/Contents/Eclipse/plugins/fr.ac6.mcu.externaltools.arm-none.macos64_1.17.0.201812190825/tools/compiler/bin/../lib/gcc/arm-none-eabi/7.3.1/../../../../arm-none-eabi/lib/thumb/v7e-m/fpv4-sp/hard/libc.a
END GROUP
START GROUP
LOAD /Users/sanyv/code/AC6/SystemWorkbench.app/Contents/Eclipse/plugins/fr.ac6.mcu.externaltools.arm-none.macos64_1.17.0.201812190825/tools/compiler/bin/../lib/gcc/arm-none-eabi/7.3.1/thumb/v7e-m/fpv4-sp/hard/libgcc.a
LOAD /Users/sanyv/code/AC6/SystemWorkbench.app/Contents/Eclipse/plugins/fr.ac6.mcu.externaltools.arm-none.macos64_1.17.0.201812190825/tools/compiler/bin/../lib/gcc/arm-none-eabi/7.3.1/../../../../arm-none-eabi/lib/thumb/v7e-m/fpv4-sp/hard/libc.a
LOAD /Users/sanyv/code/AC6/SystemWorkbench.app/Contents/Eclipse/plugins/fr.ac6.mcu.externaltools.arm-none.macos64_1.17.0.201812190825/tools/compiler/bin/../lib/gcc/arm-none-eabi/7.3.1/../../../../arm-none-eabi/lib/thumb/v7e-m/fpv4-sp/hard/libnosys.a
END GROUP
LOAD /Users/sanyv/code/AC6/SystemWorkbench.app/Contents/Eclipse/plugins/fr.ac6.mcu.externaltools.arm-none.macos64_1.17.0.201812190825/tools/compiler/bin/../lib/gcc/arm-none-eabi/7.3.1/thumb/v7e-m/fpv4-sp/hard/crtend.o
LOAD /Users/sanyv/code/AC6/SystemWorkbench.app/Contents/Eclipse/plugins/fr.ac6.mcu.externaltools.arm-none.macos64_1.17.0.201812190825/tools/compiler/bin/../lib/gcc/arm-none-eabi/7.3.1/thumb/v7e-m/fpv4-sp/hard/crtn.o
                0x0000000020020000                _estack = 0x20020000
                0x0000000000000200                _Min_Heap_Size = 0x200
                0x0000000000000400                _Min_Stack_Size = 0x400

.isr_vector     0x0000000008000000      0x188
                0x0000000008000000                . = ALIGN (0x4)
 *(.isr_vector)
 .isr_vector    0x0000000008000000      0x188 startup/startup_stm32f407xx.o
                0x0000000008000000                g_pfnVectors
                0x0000000008000188                . = ALIGN (0x4)

.text           0x00000000080001c0     0xb258
                0x00000000080001c0                . = ALIGN (0x4)
 *(.text)
 .text          0x00000000080001c0       0x40 /Users/sanyv/code/AC6/SystemWorkbench.app/Contents/Eclipse/plugins/fr.ac6.mcu.externaltools.arm-none.macos64_1.17.0.201812190825/tools/compiler/bin/../lib/gcc/arm-none-eabi/7.3.1/thumb/v7e-m/fpv4-sp/hard/crtbegin.o
 .text          0x0000000008000200      0x378 /Users/sanyv/code/AC6/SystemWorkbench.app/Contents/Eclipse/plugins/fr.ac6.mcu.externaltools.arm-none.macos64_1.17.0.201812190825/tools/compiler/bin/../lib/gcc/arm-none-eabi/7.3.1/thumb/v7e-m/fpv4-sp/hard/libgcc.a(_arm_addsubdf3.o)
                0x0000000008000200                __aeabi_drsub
                0x0000000008000208                __subdf3
                0x0000000008000208                __aeabi_dsub
                0x000000000800020c                __aeabi_dadd
                0x000000000800020c                __adddf3
                0x0000000008000484                __aeabi_ui2d
                0x0000000008000484                __floatunsidf
                0x00000000080004a4                __floatsidf
                0x00000000080004a4                __aeabi_i2d
                0x00000000080004c8                __extendsfdf2
                0x00000000080004c8                __aeabi_f2d
                0x000000000800050c                __aeabi_ul2d
                0x000000000800050c                __floatundidf
                0x000000000800051c                __aeabi_l2d
                0x000000000800051c                __floatdidf
 .text          0x0000000008000578      0x134 /Users/sanyv/code/AC6/SystemWorkbench.app/Contents/Eclipse/plugins/fr.ac6.mcu.externaltools.arm-none.macos64_1.17.0.201812190825/tools/compiler/bin/../lib/gcc/arm-none-eabi/7.3.1/../../../../arm-none-eabi/lib/thumb/v7e-m/fpv4-sp/hard/libc.a(lib_a-memcpy.o)
                0x0000000008000578                memcpy
 *fill*         0x00000000080006ac       0x14 
 .text          0x00000000080006c0       0xdc /Users/sanyv/code/AC6/SystemWorkbench.app/Contents/Eclipse/plugins/fr.ac6.mcu.externaltools.arm-none.macos64_1.17.0.201812190825/tools/compiler/bin/../lib/gcc/arm-none-eabi/7.3.1/../../../../arm-none-eabi/lib/thumb/v7e-m/fpv4-sp/hard/libc.a(lib_a-strlen.o)
                0x00000000080006c0                strlen
 *fill*         0x000000000800079c        0x4 
 .text          0x00000000080007a0       0xa0 /Users/sanyv/code/AC6/SystemWorkbench.app/Contents/Eclipse/plugins/fr.ac6.mcu.externaltools.arm-none.macos64_1.17.0.201812190825/tools/compiler/bin/../lib/gcc/arm-none-eabi/7.3.1/../../../../arm-none-eabi/lib/thumb/v7e-m/fpv4-sp/hard/libc.a(lib_a-memchr.o)
                0x00000000080007a0                memchr
 .text          0x0000000008000840      0x424 /Users/sanyv/code/AC6/SystemWorkbench.app/Contents/Eclipse/plugins/fr.ac6.mcu.externaltools.arm-none.macos64_1.17.0.201812190825/tools/compiler/bin/../lib/gcc/arm-none-eabi/7.3.1/thumb/v7e-m/fpv4-sp/hard/libgcc.a(_arm_muldivdf3.o)
                0x0000000008000840                __aeabi_dmul
                0x0000000008000840                __muldf3
                0x0000000008000a94                __aeabi_ddiv
                0x0000000008000a94                __divdf3
 .text          0x0000000008000c64      0x110 /Users/sanyv/code/AC6/SystemWorkbench.app/Contents/Eclipse/plugins/fr.ac6.mcu.externaltools.arm-none.macos64_1.17.0.201812190825/tools/compiler/bin/../lib/gcc/arm-none-eabi/7.3.1/thumb/v7e-m/fpv4-sp/hard/libgcc.a(_arm_cmpdf2.o)
                0x0000000008000c64                __gedf2
                0x0000000008000c64                __gtdf2
                0x0000000008000c6c                __ledf2
                0x0000000008000c6c                __ltdf2
                0x0000000008000c74                __cmpdf2
                0x0000000008000c74                __eqdf2
                0x0000000008000c74                __nedf2
                0x0000000008000cf0                __aeabi_cdrcmple
                0x0000000008000d00                __aeabi_cdcmple
                0x0000000008000d00                __aeabi_cdcmpeq
                0x0000000008000d10                __aeabi_dcmpeq
                0x0000000008000d24                __aeabi_dcmplt
                0x0000000008000d38                __aeabi_dcmple
                0x0000000008000d4c                __aeabi_dcmpge
                0x0000000008000d60                __aeabi_dcmpgt
 .text          0x0000000008000d74       0x2c /Users/sanyv/code/AC6/SystemWorkbench.app/Contents/Eclipse/plugins/fr.ac6.mcu.externaltools.arm-none.macos64_1.17.0.201812190825/tools/compiler/bin/../lib/gcc/arm-none-eabi/7.3.1/thumb/v7e-m/fpv4-sp/hard/libgcc.a(_arm_unorddf2.o)
                0x0000000008000d74                __aeabi_dcmpun
                0x0000000008000d74                __unorddf2
 .text          0x0000000008000da0       0x50 /Users/sanyv/code/AC6/SystemWorkbench.app/Contents/Eclipse/plugins/fr.ac6.mcu.externaltools.arm-none.macos64_1.17.0.201812190825/tools/compiler/bin/../lib/gcc/arm-none-eabi/7.3.1/thumb/v7e-m/fpv4-sp/hard/libgcc.a(_arm_fixdfsi.o)
                0x0000000008000da0                __fixdfsi
                0x0000000008000da0                __aeabi_d2iz
 .text          0x0000000008000df0       0x40 /Users/sanyv/code/AC6/SystemWorkbench.app/Contents/Eclipse/plugins/fr.ac6.mcu.externaltools.arm-none.macos64_1.17.0.201812190825/tools/compiler/bin/../lib/gcc/arm-none-eabi/7.3.1/thumb/v7e-m/fpv4-sp/hard/libgcc.a(_arm_fixunsdfsi.o)
                0x0000000008000df0                __fixunsdfsi
                0x0000000008000df0                __aeabi_d2uiz
 .text          0x0000000008000e30       0xa0 /Users/sanyv/code/AC6/SystemWorkbench.app/Contents/Eclipse/plugins/fr.ac6.mcu.externaltools.arm-none.macos64_1.17.0.201812190825/tools/compiler/bin/../lib/gcc/arm-none-eabi/7.3.1/thumb/v7e-m/fpv4-sp/hard/libgcc.a(_arm_truncdfsf2.o)
                0x0000000008000e30                __aeabi_d2f
                0x0000000008000e30                __truncdfsf2
 .text          0x0000000008000ed0       0x30 /Users/sanyv/code/AC6/SystemWorkbench.app/Contents/Eclipse/plugins/fr.ac6.mcu.externaltools.arm-none.macos64_1.17.0.201812190825/tools/compiler/bin/../lib/gcc/arm-none-eabi/7.3.1/thumb/v7e-m/fpv4-sp/hard/libgcc.a(_aeabi_uldivmod.o)
                0x0000000008000ed0                __aeabi_uldivmod
 .text          0x0000000008000f00      0x2cc /Users/sanyv/code/AC6/SystemWorkbench.app/Contents/Eclipse/plugins/fr.ac6.mcu.externaltools.arm-none.macos64_1.17.0.201812190825/tools/compiler/bin/../lib/gcc/arm-none-eabi/7.3.1/thumb/v7e-m/fpv4-sp/hard/libgcc.a(_udivmoddi4.o)
                0x0000000008000f00                __udivmoddi4
 .text          0x00000000080011cc        0x4 /Users/sanyv/code/AC6/SystemWorkbench.app/Contents/Eclipse/plugins/fr.ac6.mcu.externaltools.arm-none.macos64_1.17.0.201812190825/tools/compiler/bin/../lib/gcc/arm-none-eabi/7.3.1/thumb/v7e-m/fpv4-sp/hard/libgcc.a(_dvmd_tls.o)
                0x00000000080011cc                __aeabi_ldiv0
                0x00000000080011cc                __aeabi_idiv0
 *(.text*)
 .text.LL_ADC_CommonInit
                0x00000000080011d0       0x5c Drivers/STM32F4xx_HAL_Driver/Src/stm32f4xx_ll_adc.o
                0x00000000080011d0                LL_ADC_CommonInit
 .text.LL_ADC_Init
                0x000000000800122c       0x34 Drivers/STM32F4xx_HAL_Driver/Src/stm32f4xx_ll_adc.o
                0x000000000800122c                LL_ADC_Init
 .text.LL_ADC_REG_Init
                0x0000000008001260       0x54 Drivers/STM32F4xx_HAL_Driver/Src/stm32f4xx_ll_adc.o
                0x0000000008001260                LL_ADC_REG_Init
 .text.LL_GPIO_Init
                0x00000000080012b4      0x158 Drivers/STM32F4xx_HAL_Driver/Src/stm32f4xx_ll_gpio.o
                0x00000000080012b4                LL_GPIO_Init
 .text.RCC_PLL_GetFreqDomain_SYS
                0x000000000800140c       0x54 Drivers/STM32F4xx_HAL_Driver/Src/stm32f4xx_ll_rcc.o
                0x000000000800140c                RCC_PLL_GetFreqDomain_SYS
 .text.RCC_GetSystemClockFreq
                0x0000000008001460       0x28 Drivers/STM32F4xx_HAL_Driver/Src/stm32f4xx_ll_rcc.o
                0x0000000008001460                RCC_GetSystemClockFreq
 .text.LL_RCC_GetSystemClocksFreq
                0x0000000008001488       0x44 Drivers/STM32F4xx_HAL_Driver/Src/stm32f4xx_ll_rcc.o
                0x0000000008001488                LL_RCC_GetSystemClocksFreq
 .text.LL_TIM_Init
                0x00000000080014cc       0xd0 Drivers/STM32F4xx_HAL_Driver/Src/stm32f4xx_ll_tim.o
                0x00000000080014cc                LL_TIM_Init
 .text.LL_TIM_OC_Init
                0x000000000800159c      0x1d4 Drivers/STM32F4xx_HAL_Driver/Src/stm32f4xx_ll_tim.o
                0x000000000800159c                LL_TIM_OC_Init
 .text.LL_TIM_BDTR_Init
                0x0000000008001770       0x38 Drivers/STM32F4xx_HAL_Driver/Src/stm32f4xx_ll_tim.o
                0x0000000008001770                LL_TIM_BDTR_Init
 .text.LL_USART_Init
                0x00000000080017a8      0x10c Drivers/STM32F4xx_HAL_Driver/Src/stm32f4xx_ll_usart.o
                0x00000000080017a8                LL_USART_Init
 .text.LL_Init1msTick
                0x00000000080018b4       0x20 Drivers/STM32F4xx_HAL_Driver/Src/stm32f4xx_ll_utils.o
                0x00000000080018b4                LL_Init1msTick
 .text.LL_SetSystemCoreClock
                0x00000000080018d4        0xc Drivers/STM32F4xx_HAL_Driver/Src/stm32f4xx_ll_utils.o
                0x00000000080018d4                LL_SetSystemCoreClock
 .text.MX_ADC1_Init
                0x00000000080018e0      0x2a0 Src/adc.o
                0x00000000080018e0                MX_ADC1_Init
 .text.cliFuncHelp
                0x0000000008001b80       0x4c Src/cli.o
                0x0000000008001b80                cliFuncHelp
 .text.cliFuncVer
                0x0000000008001bcc       0x24 Src/cli.o
                0x0000000008001bcc                cliFuncVer
 .text.cliCommandComp
                0x0000000008001bf0       0x1c Src/cli.o
                0x0000000008001bf0                cliCommandComp
 .text.cliUsage
                0x0000000008001c0c       0x30 Src/cli.o
                0x0000000008001c0c                cliUsage
 .text.cliFuncTelemetry
                0x0000000008001c3c       0x74 Src/cli.o
                0x0000000008001c3c                cliFuncTelemetry
 .text.cliFuncDuty
                0x0000000008001cb0       0xe8 Src/cli.o
                0x0000000008001cb0                cliFuncDuty
 .text.cliTabComplete
                0x0000000008001d98       0x68 Src/cli.o
                0x0000000008001d98                cliTabComplete
 .text.cliPrompt
                0x0000000008001e00       0x28 Src/cli.o
                0x0000000008001e00                cliPrompt
 .text.cliFuncStatus
                0x0000000008001e28      0x110 Src/cli.o
                0x0000000008001e28                cliFuncStatus
 .text.cliCheck
                0x0000000008001f38      0x1d0 Src/cli.o
                0x0000000008001f38                cliCheck
 .text.cliInit  0x0000000008002108       0x28 Src/cli.o
                0x0000000008002108                cliInit
 .text.MX_DMA_Init
                0x0000000008002130       0x40 Src/dma.o
                0x0000000008002130                MX_DMA_Init
 .text.MX_GPIO_Init
                0x0000000008002170       0xcc Src/gpio.o
                0x0000000008002170                MX_GPIO_Init
 .text._Error_Handler
                0x000000000800223c       0x6c Src/main.o
                0x000000000800223c                _Error_Handler
 .text.SystemClock_Config
                0x00000000080022a8      0x10c Src/main.o
                0x00000000080022a8                SystemClock_Config
 .text.SysTick_Handler
                0x00000000080023b4       0xf4 Src/main.o
                0x00000000080023b4                SysTick_Handler
 .text.fetstep  0x00000000080024a8       0xe8 Src/main.o
                0x00000000080024a8                fetstep
 .text.Commutate
                0x0000000008002590       0x2c Src/main.o
                0x0000000008002590                Commutate
 .text.ADC_Callback
                0x00000000080025bc      0x30c Src/main.o
                0x00000000080025bc                ADC_Callback
 .text.DMA2_Stream0_IRQHandler
                0x00000000080028c8       0x28 Src/main.o
                0x00000000080028c8                DMA2_Stream0_IRQHandler
 .text.TIM1_UP_TIM10_IRQHandler
                0x00000000080028f0       0x24 Src/main.o
                0x00000000080028f0                TIM1_UP_TIM10_IRQHandler
 .text.TIM1_CC_IRQHandler
                0x0000000008002914      0x21c Src/main.o
                0x0000000008002914                TIM1_CC_IRQHandler
 .text.align    0x0000000008002b30       0x30 Src/main.o
                0x0000000008002b30                align
 .text.startup.main
                0x0000000008002b60      0x394 Src/main.o
                0x0000000008002b60                main
 .text.serialWrite
                0x0000000008002ef4       0x54 Src/serial.o
                0x0000000008002ef4                serialWrite
 .text.serialAvailable
                0x0000000008002f48       0x1c Src/serial.o
                0x0000000008002f48                serialAvailable
 .text.serialRead
                0x0000000008002f64       0x2c Src/serial.o
                0x0000000008002f64                serialRead
 .text.serialPrint
                0x0000000008002f90       0x18 Src/serial.o
                0x0000000008002f90                serialPrint
 .text.serialPrintF
                0x0000000008002fa8       0x48 Src/serial.o
                0x0000000008002fa8                serialPrintF
 .text.serialInit
                0x0000000008002ff0       0x68 Src/serial.o
                0x0000000008002ff0                serialInit
 .text.DMA2_Stream7_IRQHandler
                0x0000000008003058       0x7c Src/serial.o
                0x0000000008003058                DMA2_Stream7_IRQHandler
 .text.DMA2_Stream2_IRQHandler
                0x00000000080030d4       0x70 Src/serial.o
                0x00000000080030d4                DMA2_Stream2_IRQHandler
 .text.SystemInit
                0x0000000008003144       0x50 Src/system_stm32f4xx.o
                0x0000000008003144                SystemInit
 .text.MX_TIM1_Init
                0x0000000008003194      0x24c Src/tim.o
                0x0000000008003194                MX_TIM1_Init
 .text.MX_TIM4_Init
                0x00000000080033e0      0x150 Src/tim.o
                0x00000000080033e0                MX_TIM4_Init
 .text.timerGetMicros
                0x0000000008003530       0x3c Src/timer.o
                0x0000000008003530                timerGetMicros
 .text.timerDelay
                0x000000000800356c       0x28 Src/timer.o
                0x000000000800356c                timerDelay
 .text.timerInit
                0x0000000008003594       0xe8 Src/timer.o
                0x0000000008003594                timerInit
 .text.timerSetAlarm1
                0x000000000800367c       0x44 Src/timer.o
                0x000000000800367c                timerSetAlarm1
 .text.TIM2_IRQHandler
                0x00000000080036c0       0x60 Src/timer.o
                0x00000000080036c0                TIM2_IRQHandler
 .text.MX_USART1_UART_Init
                0x0000000008003720      0x158 Src/usart.o
                0x0000000008003720                MX_USART1_UART_Init
 .text.Reset_Handler
                0x0000000008003878       0x50 startup/startup_stm32f407xx.o
                0x0000000008003878                Reset_Handler
 .text.Default_Handler
                0x00000000080038c8        0x2 startup/startup_stm32f407xx.o
                0x00000000080038c8                DMA1_Stream3_IRQHandler
                0x00000000080038c8                HASH_RNG_IRQHandler
                0x00000000080038c8                EXTI2_IRQHandler
                0x00000000080038c8                TIM8_CC_IRQHandler
                0x00000000080038c8                DebugMon_Handler
                0x00000000080038c8                DMA2_Stream5_IRQHandler
                0x00000000080038c8                HardFault_Handler
                0x00000000080038c8                DMA1_Stream5_IRQHandler
                0x00000000080038c8                PVD_IRQHandler
                0x00000000080038c8                SDIO_IRQHandler
                0x00000000080038c8                TAMP_STAMP_IRQHandler
                0x00000000080038c8                PendSV_Handler
                0x00000000080038c8                NMI_Handler
                0x00000000080038c8                CAN2_RX1_IRQHandler
                0x00000000080038c8                EXTI3_IRQHandler
                0x00000000080038c8                TIM8_TRG_COM_TIM14_IRQHandler
                0x00000000080038c8                TIM8_UP_TIM13_IRQHandler
                0x00000000080038c8                I2C3_ER_IRQHandler
                0x00000000080038c8                EXTI0_IRQHandler
                0x00000000080038c8                I2C2_EV_IRQHandler
                0x00000000080038c8                DMA1_Stream2_IRQHandler
                0x00000000080038c8                CAN1_RX0_IRQHandler
                0x00000000080038c8                FPU_IRQHandler
                0x00000000080038c8                OTG_HS_WKUP_IRQHandler
                0x00000000080038c8                UsageFault_Handler
                0x00000000080038c8                CAN2_SCE_IRQHandler
                0x00000000080038c8                SPI1_IRQHandler
                0x00000000080038c8                TIM6_DAC_IRQHandler
                0x00000000080038c8                TIM1_BRK_TIM9_IRQHandler
                0x00000000080038c8                DCMI_IRQHandler
                0x00000000080038c8                CAN2_RX0_IRQHandler
                0x00000000080038c8                DMA2_Stream3_IRQHandler
                0x00000000080038c8                USART6_IRQHandler
                0x00000000080038c8                USART3_IRQHandler
                0x00000000080038c8                CAN1_RX1_IRQHandler
                0x00000000080038c8                UART5_IRQHandler
                0x00000000080038c8                TIM4_IRQHandler
                0x00000000080038c8                I2C1_EV_IRQHandler
                0x00000000080038c8                DMA1_Stream6_IRQHandler
                0x00000000080038c8                DMA1_Stream1_IRQHandler
                0x00000000080038c8                UART4_IRQHandler
                0x00000000080038c8                TIM3_IRQHandler
                0x00000000080038c8                RCC_IRQHandler
                0x00000000080038c8                TIM8_BRK_TIM12_IRQHandler
                0x00000000080038c8                Default_Handler
                0x00000000080038c8                EXTI15_10_IRQHandler
                0x00000000080038c8                ADC_IRQHandler
                0x00000000080038c8                DMA1_Stream7_IRQHandler
                0x00000000080038c8                TIM7_IRQHandler
                0x00000000080038c8                CAN2_TX_IRQHandler
                0x00000000080038c8                TIM5_IRQHandler
                0x00000000080038c8                I2C3_EV_IRQHandler
                0x00000000080038c8                EXTI9_5_IRQHandler
                0x00000000080038c8                RTC_WKUP_IRQHandler
                0x00000000080038c8                ETH_WKUP_IRQHandler
                0x00000000080038c8                SPI2_IRQHandler
                0x00000000080038c8                OTG_HS_EP1_IN_IRQHandler
                0x00000000080038c8                MemManage_Handler
                0x00000000080038c8                DMA1_Stream0_IRQHandler
                0x00000000080038c8                CAN1_TX_IRQHandler
                0x00000000080038c8                SVC_Handler
                0x00000000080038c8                EXTI4_IRQHandler
                0x00000000080038c8                FSMC_IRQHandler
                0x00000000080038c8                ETH_IRQHandler
                0x00000000080038c8                OTG_HS_EP1_OUT_IRQHandler
                0x00000000080038c8                WWDG_IRQHandler
                0x00000000080038c8                OTG_FS_WKUP_IRQHandler
                0x00000000080038c8                TIM1_TRG_COM_TIM11_IRQHandler
                0x00000000080038c8                OTG_HS_IRQHandler
                0x00000000080038c8                EXTI1_IRQHandler
                0x00000000080038c8                USART2_IRQHandler
                0x00000000080038c8                I2C2_ER_IRQHandler
                0x00000000080038c8                DMA2_Stream1_IRQHandler
                0x00000000080038c8                CAN1_SCE_IRQHandler
                0x00000000080038c8                FLASH_IRQHandler
                0x00000000080038c8                DMA2_Stream4_IRQHandler
                0x00000000080038c8                BusFault_Handler
                0x00000000080038c8                USART1_IRQHandler
                0x00000000080038c8                OTG_FS_IRQHandler
                0x00000000080038c8                SPI3_IRQHandler
                0x00000000080038c8                DMA1_Stream4_IRQHandler
                0x00000000080038c8                I2C1_ER_IRQHandler
                0x00000000080038c8                DMA2_Stream6_IRQHandler
                0x00000000080038c8                RTC_Alarm_IRQHandler
 *fill*         0x00000000080038ca        0x2 
 .text.bsearch  0x00000000080038cc       0x44 /Users/sanyv/code/AC6/SystemWorkbench.app/Contents/Eclipse/plugins/fr.ac6.mcu.externaltools.arm-none.macos64_1.17.0.201812190825/tools/compiler/bin/../lib/gcc/arm-none-eabi/7.3.1/../../../../arm-none-eabi/lib/thumb/v7e-m/fpv4-sp/hard/libc.a(lib_a-bsearch.o)
                0x00000000080038cc                bsearch
 .text.__libc_init_array
                0x0000000008003910       0x48 /Users/sanyv/code/AC6/SystemWorkbench.app/Contents/Eclipse/plugins/fr.ac6.mcu.externaltools.arm-none.macos64_1.17.0.201812190825/tools/compiler/bin/../lib/gcc/arm-none-eabi/7.3.1/../../../../arm-none-eabi/lib/thumb/v7e-m/fpv4-sp/hard/libc.a(lib_a-init.o)
                0x0000000008003910                __libc_init_array
 .text.memset   0x0000000008003958       0x94 /Users/sanyv/code/AC6/SystemWorkbench.app/Contents/Eclipse/plugins/fr.ac6.mcu.externaltools.arm-none.macos64_1.17.0.201812190825/tools/compiler/bin/../lib/gcc/arm-none-eabi/7.3.1/../../../../arm-none-eabi/lib/thumb/v7e-m/fpv4-sp/hard/libc.a(lib_a-memset.o)
                0x0000000008003958                memset
 .text.sprintf  0x00000000080039ec       0x44 /Users/sanyv/code/AC6/SystemWorkbench.app/Contents/Eclipse/plugins/fr.ac6.mcu.externaltools.arm-none.macos64_1.17.0.201812190825/tools/compiler/bin/../lib/gcc/arm-none-eabi/7.3.1/../../../../arm-none-eabi/lib/thumb/v7e-m/fpv4-sp/hard/libc.a(lib_a-sprintf.o)
                0x00000000080039ec                sprintf
 .text.sscanf   0x0000000008003a30       0x58 /Users/sanyv/code/AC6/SystemWorkbench.app/Contents/Eclipse/plugins/fr.ac6.mcu.externaltools.arm-none.macos64_1.17.0.201812190825/tools/compiler/bin/../lib/gcc/arm-none-eabi/7.3.1/../../../../arm-none-eabi/lib/thumb/v7e-m/fpv4-sp/hard/libc.a(lib_a-sscanf.o)
                0x0000000008003a30                sscanf
 .text.__seofread
                0x0000000008003a88        0x4 /Users/sanyv/code/AC6/SystemWorkbench.app/Contents/Eclipse/plugins/fr.ac6.mcu.externaltools.arm-none.macos64_1.17.0.201812190825/tools/compiler/bin/../lib/gcc/arm-none-eabi/7.3.1/../../../../arm-none-eabi/lib/thumb/v7e-m/fpv4-sp/hard/libc.a(lib_a-stdio.o)
                0x0000000008003a88                __seofread
 .text.strncasecmp
                0x0000000008003a8c       0x5c /Users/sanyv/code/AC6/SystemWorkbench.app/Contents/Eclipse/plugins/fr.ac6.mcu.externaltools.arm-none.macos64_1.17.0.201812190825/tools/compiler/bin/../lib/gcc/arm-none-eabi/7.3.1/../../../../arm-none-eabi/lib/thumb/v7e-m/fpv4-sp/hard/libc.a(lib_a-strncasecmp.o)
                0x0000000008003a8c                strncasecmp
 .text._svfprintf_r
                0x0000000008003ae8     0x19cc /Users/sanyv/code/AC6/SystemWorkbench.app/Contents/Eclipse/plugins/fr.ac6.mcu.externaltools.arm-none.macos64_1.17.0.201812190825/tools/compiler/bin/../lib/gcc/arm-none-eabi/7.3.1/../../../../arm-none-eabi/lib/thumb/v7e-m/fpv4-sp/hard/libc.a(lib_a-svfprintf.o)
                0x0000000008003ae8                _svfprintf_r
 .text.__ssvfscanf_r
                0x00000000080054b4     0x15a0 /Users/sanyv/code/AC6/SystemWorkbench.app/Contents/Eclipse/plugins/fr.ac6.mcu.externaltools.arm-none.macos64_1.17.0.201812190825/tools/compiler/bin/../lib/gcc/arm-none-eabi/7.3.1/../../../../arm-none-eabi/lib/thumb/v7e-m/fpv4-sp/hard/libc.a(lib_a-svfscanf.o)
                0x00000000080054b4                __ssvfscanf_r
 .text._vsnprintf_r
                0x0000000008006a54       0x70 /Users/sanyv/code/AC6/SystemWorkbench.app/Contents/Eclipse/plugins/fr.ac6.mcu.externaltools.arm-none.macos64_1.17.0.201812190825/tools/compiler/bin/../lib/gcc/arm-none-eabi/7.3.1/../../../../arm-none-eabi/lib/thumb/v7e-m/fpv4-sp/hard/libc.a(lib_a-vsnprintf.o)
                0x0000000008006a54                _vsnprintf_r
 .text.vsnprintf
                0x0000000008006ac4       0x20 /Users/sanyv/code/AC6/SystemWorkbench.app/Contents/Eclipse/plugins/fr.ac6.mcu.externaltools.arm-none.macos64_1.17.0.201812190825/tools/compiler/bin/../lib/gcc/arm-none-eabi/7.3.1/../../../../arm-none-eabi/lib/thumb/v7e-m/fpv4-sp/hard/libc.a(lib_a-vsnprintf.o)
                0x0000000008006ac4                vsnprintf
 .text.startup.register_fini
                0x0000000008006ae4       0x14 /Users/sanyv/code/AC6/SystemWorkbench.app/Contents/Eclipse/plugins/fr.ac6.mcu.externaltools.arm-none.macos64_1.17.0.201812190825/tools/compiler/bin/../lib/gcc/arm-none-eabi/7.3.1/../../../../arm-none-eabi/lib/thumb/v7e-m/fpv4-sp/hard/libc.a(lib_a-__call_atexit.o)
 .text.atexit   0x0000000008006af8        0xc /Users/sanyv/code/AC6/SystemWorkbench.app/Contents/Eclipse/plugins/fr.ac6.mcu.externaltools.arm-none.macos64_1.17.0.201812190825/tools/compiler/bin/../lib/gcc/arm-none-eabi/7.3.1/../../../../arm-none-eabi/lib/thumb/v7e-m/fpv4-sp/hard/libc.a(lib_a-atexit.o)
                0x0000000008006af8                atexit
 .text.quorem   0x0000000008006b04      0x124 /Users/sanyv/code/AC6/SystemWorkbench.app/Contents/Eclipse/plugins/fr.ac6.mcu.externaltools.arm-none.macos64_1.17.0.201812190825/tools/compiler/bin/../lib/gcc/arm-none-eabi/7.3.1/../../../../arm-none-eabi/lib/thumb/v7e-m/fpv4-sp/hard/libc.a(lib_a-dtoa.o)
 .text._dtoa_r  0x0000000008006c28      0xe20 /Users/sanyv/code/AC6/SystemWorkbench.app/Contents/Eclipse/plugins/fr.ac6.mcu.externaltools.arm-none.macos64_1.17.0.201812190825/tools/compiler/bin/../lib/gcc/arm-none-eabi/7.3.1/../../../../arm-none-eabi/lib/thumb/v7e-m/fpv4-sp/hard/libc.a(lib_a-dtoa.o)
                0x0000000008006c28                _dtoa_r
 .text.__libc_fini_array
                0x0000000008007a48       0x34 /Users/sanyv/code/AC6/SystemWorkbench.app/Contents/Eclipse/plugins/fr.ac6.mcu.externaltools.arm-none.macos64_1.17.0.201812190825/tools/compiler/bin/../lib/gcc/arm-none-eabi/7.3.1/../../../../arm-none-eabi/lib/thumb/v7e-m/fpv4-sp/hard/libc.a(lib_a-fini.o)
                0x0000000008007a48                __libc_fini_array
 .text._malloc_trim_r
                0x0000000008007a7c       0xa0 /Users/sanyv/code/AC6/SystemWorkbench.app/Contents/Eclipse/plugins/fr.ac6.mcu.externaltools.arm-none.macos64_1.17.0.201812190825/tools/compiler/bin/../lib/gcc/arm-none-eabi/7.3.1/../../../../arm-none-eabi/lib/thumb/v7e-m/fpv4-sp/hard/libc.a(lib_a-freer.o)
                0x0000000008007a7c                _malloc_trim_r
 .text._free_r  0x0000000008007b1c      0x1e8 /Users/sanyv/code/AC6/SystemWorkbench.app/Contents/Eclipse/plugins/fr.ac6.mcu.externaltools.arm-none.macos64_1.17.0.201812190825/tools/compiler/bin/../lib/gcc/arm-none-eabi/7.3.1/../../../../arm-none-eabi/lib/thumb/v7e-m/fpv4-sp/hard/libc.a(lib_a-freer.o)
                0x0000000008007b1c                _free_r
 .text.iswspace
                0x0000000008007d04       0x1c /Users/sanyv/code/AC6/SystemWorkbench.app/Contents/Eclipse/plugins/fr.ac6.mcu.externaltools.arm-none.macos64_1.17.0.201812190825/tools/compiler/bin/../lib/gcc/arm-none-eabi/7.3.1/../../../../arm-none-eabi/lib/thumb/v7e-m/fpv4-sp/hard/libc.a(lib_a-iswspace.o)
                0x0000000008007d04                iswspace
 .text.__locale_mb_cur_max
                0x0000000008007d20       0x1c /Users/sanyv/code/AC6/SystemWorkbench.app/Contents/Eclipse/plugins/fr.ac6.mcu.externaltools.arm-none.macos64_1.17.0.201812190825/tools/compiler/bin/../lib/gcc/arm-none-eabi/7.3.1/../../../../arm-none-eabi/lib/thumb/v7e-m/fpv4-sp/hard/libc.a(lib_a-locale.o)
                0x0000000008007d20                __locale_mb_cur_max
 .text.__locale_ctype_ptr_l
                0x0000000008007d3c        0x8 /Users/sanyv/code/AC6/SystemWorkbench.app/Contents/Eclipse/plugins/fr.ac6.mcu.externaltools.arm-none.macos64_1.17.0.201812190825/tools/compiler/bin/../lib/gcc/arm-none-eabi/7.3.1/../../../../arm-none-eabi/lib/thumb/v7e-m/fpv4-sp/hard/libc.a(lib_a-locale.o)
                0x0000000008007d3c                __locale_ctype_ptr_l
 .text.__locale_ctype_ptr
                0x0000000008007d44       0x1c /Users/sanyv/code/AC6/SystemWorkbench.app/Contents/Eclipse/plugins/fr.ac6.mcu.externaltools.arm-none.macos64_1.17.0.201812190825/tools/compiler/bin/../lib/gcc/arm-none-eabi/7.3.1/../../../../arm-none-eabi/lib/thumb/v7e-m/fpv4-sp/hard/libc.a(lib_a-locale.o)
                0x0000000008007d44                __locale_ctype_ptr
 .text.__localeconv_l
                0x0000000008007d60        0x4 /Users/sanyv/code/AC6/SystemWorkbench.app/Contents/Eclipse/plugins/fr.ac6.mcu.externaltools.arm-none.macos64_1.17.0.201812190825/tools/compiler/bin/../lib/gcc/arm-none-eabi/7.3.1/../../../../arm-none-eabi/lib/thumb/v7e-m/fpv4-sp/hard/libc.a(lib_a-localeconv.o)
                0x0000000008007d60                __localeconv_l
 .text._localeconv_r
                0x0000000008007d64       0x1c /Users/sanyv/code/AC6/SystemWorkbench.app/Contents/Eclipse/plugins/fr.ac6.mcu.externaltools.arm-none.macos64_1.17.0.201812190825/tools/compiler/bin/../lib/gcc/arm-none-eabi/7.3.1/../../../../arm-none-eabi/lib/thumb/v7e-m/fpv4-sp/hard/libc.a(lib_a-localeconv.o)
                0x0000000008007d64                _localeconv_r
 .text.__retarget_lock_acquire_recursive
                0x0000000008007d80        0x4 /Users/sanyv/code/AC6/SystemWorkbench.app/Contents/Eclipse/plugins/fr.ac6.mcu.externaltools.arm-none.macos64_1.17.0.201812190825/tools/compiler/bin/../lib/gcc/arm-none-eabi/7.3.1/../../../../arm-none-eabi/lib/thumb/v7e-m/fpv4-sp/hard/libc.a(lib_a-lock.o)
                0x0000000008007d80                __retarget_lock_acquire_recursive
 .text.__retarget_lock_release_recursive
                0x0000000008007d84        0x4 /Users/sanyv/code/AC6/SystemWorkbench.app/Contents/Eclipse/plugins/fr.ac6.mcu.externaltools.arm-none.macos64_1.17.0.201812190825/tools/compiler/bin/../lib/gcc/arm-none-eabi/7.3.1/../../../../arm-none-eabi/lib/thumb/v7e-m/fpv4-sp/hard/libc.a(lib_a-lock.o)
                0x0000000008007d84                __retarget_lock_release_recursive
 .text.malloc   0x0000000008007d88       0x10 /Users/sanyv/code/AC6/SystemWorkbench.app/Contents/Eclipse/plugins/fr.ac6.mcu.externaltools.arm-none.macos64_1.17.0.201812190825/tools/compiler/bin/../lib/gcc/arm-none-eabi/7.3.1/../../../../arm-none-eabi/lib/thumb/v7e-m/fpv4-sp/hard/libc.a(lib_a-malloc.o)
                0x0000000008007d88                malloc
 .text.free     0x0000000008007d98       0x10 /Users/sanyv/code/AC6/SystemWorkbench.app/Contents/Eclipse/plugins/fr.ac6.mcu.externaltools.arm-none.macos64_1.17.0.201812190825/tools/compiler/bin/../lib/gcc/arm-none-eabi/7.3.1/../../../../arm-none-eabi/lib/thumb/v7e-m/fpv4-sp/hard/libc.a(lib_a-malloc.o)
                0x0000000008007d98                free
 .text._malloc_r
                0x0000000008007da8      0x548 /Users/sanyv/code/AC6/SystemWorkbench.app/Contents/Eclipse/plugins/fr.ac6.mcu.externaltools.arm-none.macos64_1.17.0.201812190825/tools/compiler/bin/../lib/gcc/arm-none-eabi/7.3.1/../../../../arm-none-eabi/lib/thumb/v7e-m/fpv4-sp/hard/libc.a(lib_a-mallocr.o)
                0x0000000008007da8                _malloc_r
 .text._mbrtowc_r
                0x00000000080082f0       0x5c /Users/sanyv/code/AC6/SystemWorkbench.app/Contents/Eclipse/plugins/fr.ac6.mcu.externaltools.arm-none.macos64_1.17.0.201812190825/tools/compiler/bin/../lib/gcc/arm-none-eabi/7.3.1/../../../../arm-none-eabi/lib/thumb/v7e-m/fpv4-sp/hard/libc.a(lib_a-mbrtowc.o)
                0x00000000080082f0                _mbrtowc_r
 .text.__ascii_mbtowc
                0x000000000800834c       0x2c /Users/sanyv/code/AC6/SystemWorkbench.app/Contents/Eclipse/plugins/fr.ac6.mcu.externaltools.arm-none.macos64_1.17.0.201812190825/tools/compiler/bin/../lib/gcc/arm-none-eabi/7.3.1/../../../../arm-none-eabi/lib/thumb/v7e-m/fpv4-sp/hard/libc.a(lib_a-mbtowc_r.o)
                0x000000000800834c                __ascii_mbtowc
 .text.__malloc_lock
                0x0000000008008378        0xc /Users/sanyv/code/AC6/SystemWorkbench.app/Contents/Eclipse/plugins/fr.ac6.mcu.externaltools.arm-none.macos64_1.17.0.201812190825/tools/compiler/bin/../lib/gcc/arm-none-eabi/7.3.1/../../../../arm-none-eabi/lib/thumb/v7e-m/fpv4-sp/hard/libc.a(lib_a-mlock.o)
                0x0000000008008378                __malloc_lock
 .text.__malloc_unlock
                0x0000000008008384        0xc /Users/sanyv/code/AC6/SystemWorkbench.app/Contents/Eclipse/plugins/fr.ac6.mcu.externaltools.arm-none.macos64_1.17.0.201812190825/tools/compiler/bin/../lib/gcc/arm-none-eabi/7.3.1/../../../../arm-none-eabi/lib/thumb/v7e-m/fpv4-sp/hard/libc.a(lib_a-mlock.o)
                0x0000000008008384                __malloc_unlock
 .text._Balloc  0x0000000008008390       0x4c /Users/sanyv/code/AC6/SystemWorkbench.app/Contents/Eclipse/plugins/fr.ac6.mcu.externaltools.arm-none.macos64_1.17.0.201812190825/tools/compiler/bin/../lib/gcc/arm-none-eabi/7.3.1/../../../../arm-none-eabi/lib/thumb/v7e-m/fpv4-sp/hard/libc.a(lib_a-mprec.o)
                0x0000000008008390                _Balloc
 .text._Bfree   0x00000000080083dc       0x14 /Users/sanyv/code/AC6/SystemWorkbench.app/Contents/Eclipse/plugins/fr.ac6.mcu.externaltools.arm-none.macos64_1.17.0.201812190825/tools/compiler/bin/../lib/gcc/arm-none-eabi/7.3.1/../../../../arm-none-eabi/lib/thumb/v7e-m/fpv4-sp/hard/libc.a(lib_a-mprec.o)
                0x00000000080083dc                _Bfree
 .text.__multadd
                0x00000000080083f0       0x80 /Users/sanyv/code/AC6/SystemWorkbench.app/Contents/Eclipse/plugins/fr.ac6.mcu.externaltools.arm-none.macos64_1.17.0.201812190825/tools/compiler/bin/../lib/gcc/arm-none-eabi/7.3.1/../../../../arm-none-eabi/lib/thumb/v7e-m/fpv4-sp/hard/libc.a(lib_a-mprec.o)
                0x00000000080083f0                __multadd
 .text.__s2b    0x0000000008008470       0x98 /Users/sanyv/code/AC6/SystemWorkbench.app/Contents/Eclipse/plugins/fr.ac6.mcu.externaltools.arm-none.macos64_1.17.0.201812190825/tools/compiler/bin/../lib/gcc/arm-none-eabi/7.3.1/../../../../arm-none-eabi/lib/thumb/v7e-m/fpv4-sp/hard/libc.a(lib_a-mprec.o)
                0x0000000008008470                __s2b
 .text.__hi0bits
                0x0000000008008508       0x40 /Users/sanyv/code/AC6/SystemWorkbench.app/Contents/Eclipse/plugins/fr.ac6.mcu.externaltools.arm-none.macos64_1.17.0.201812190825/tools/compiler/bin/../lib/gcc/arm-none-eabi/7.3.1/../../../../arm-none-eabi/lib/thumb/v7e-m/fpv4-sp/hard/libc.a(lib_a-mprec.o)
                0x0000000008008508                __hi0bits
 .text.__lo0bits
                0x0000000008008548       0x60 /Users/sanyv/code/AC6/SystemWorkbench.app/Contents/Eclipse/plugins/fr.ac6.mcu.externaltools.arm-none.macos64_1.17.0.201812190825/tools/compiler/bin/../lib/gcc/arm-none-eabi/7.3.1/../../../../arm-none-eabi/lib/thumb/v7e-m/fpv4-sp/hard/libc.a(lib_a-mprec.o)
                0x0000000008008548                __lo0bits
 .text.__i2b    0x00000000080085a8       0x14 /Users/sanyv/code/AC6/SystemWorkbench.app/Contents/Eclipse/plugins/fr.ac6.mcu.externaltools.arm-none.macos64_1.17.0.201812190825/tools/compiler/bin/../lib/gcc/arm-none-eabi/7.3.1/../../../../arm-none-eabi/lib/thumb/v7e-m/fpv4-sp/hard/libc.a(lib_a-mprec.o)
                0x00000000080085a8                __i2b
 .text.__multiply
                0x00000000080085bc      0x14c /Users/sanyv/code/AC6/SystemWorkbench.app/Contents/Eclipse/plugins/fr.ac6.mcu.externaltools.arm-none.macos64_1.17.0.201812190825/tools/compiler/bin/../lib/gcc/arm-none-eabi/7.3.1/../../../../arm-none-eabi/lib/thumb/v7e-m/fpv4-sp/hard/libc.a(lib_a-mprec.o)
                0x00000000080085bc                __multiply
 .text.__pow5mult
                0x0000000008008708       0xa0 /Users/sanyv/code/AC6/SystemWorkbench.app/Contents/Eclipse/plugins/fr.ac6.mcu.externaltools.arm-none.macos64_1.17.0.201812190825/tools/compiler/bin/../lib/gcc/arm-none-eabi/7.3.1/../../../../arm-none-eabi/lib/thumb/v7e-m/fpv4-sp/hard/libc.a(lib_a-mprec.o)
                0x0000000008008708                __pow5mult
 .text.__lshift
                0x00000000080087a8       0xac /Users/sanyv/code/AC6/SystemWorkbench.app/Contents/Eclipse/plugins/fr.ac6.mcu.externaltools.arm-none.macos64_1.17.0.201812190825/tools/compiler/bin/../lib/gcc/arm-none-eabi/7.3.1/../../../../arm-none-eabi/lib/thumb/v7e-m/fpv4-sp/hard/libc.a(lib_a-mprec.o)
                0x00000000080087a8                __lshift
 .text.__mcmp   0x0000000008008854       0x38 /Users/sanyv/code/AC6/SystemWorkbench.app/Contents/Eclipse/plugins/fr.ac6.mcu.externaltools.arm-none.macos64_1.17.0.201812190825/tools/compiler/bin/../lib/gcc/arm-none-eabi/7.3.1/../../../../arm-none-eabi/lib/thumb/v7e-m/fpv4-sp/hard/libc.a(lib_a-mprec.o)
                0x0000000008008854                __mcmp
 .text.__mdiff  0x000000000800888c       0xec /Users/sanyv/code/AC6/SystemWorkbench.app/Contents/Eclipse/plugins/fr.ac6.mcu.externaltools.arm-none.macos64_1.17.0.201812190825/tools/compiler/bin/../lib/gcc/arm-none-eabi/7.3.1/../../../../arm-none-eabi/lib/thumb/v7e-m/fpv4-sp/hard/libc.a(lib_a-mprec.o)
                0x000000000800888c                __mdiff
 .text.__ulp    0x0000000008008978       0x54 /Users/sanyv/code/AC6/SystemWorkbench.app/Contents/Eclipse/plugins/fr.ac6.mcu.externaltools.arm-none.macos64_1.17.0.201812190825/tools/compiler/bin/../lib/gcc/arm-none-eabi/7.3.1/../../../../arm-none-eabi/lib/thumb/v7e-m/fpv4-sp/hard/libc.a(lib_a-mprec.o)
                0x0000000008008978                __ulp
 .text.__b2d    0x00000000080089cc       0xbc /Users/sanyv/code/AC6/SystemWorkbench.app/Contents/Eclipse/plugins/fr.ac6.mcu.externaltools.arm-none.macos64_1.17.0.201812190825/tools/compiler/bin/../lib/gcc/arm-none-eabi/7.3.1/../../../../arm-none-eabi/lib/thumb/v7e-m/fpv4-sp/hard/libc.a(lib_a-mprec.o)
                0x00000000080089cc                __b2d
 .text.__d2b    0x0000000008008a88       0xc4 /Users/sanyv/code/AC6/SystemWorkbench.app/Contents/Eclipse/plugins/fr.ac6.mcu.externaltools.arm-none.macos64_1.17.0.201812190825/tools/compiler/bin/../lib/gcc/arm-none-eabi/7.3.1/../../../../arm-none-eabi/lib/thumb/v7e-m/fpv4-sp/hard/libc.a(lib_a-mprec.o)
                0x0000000008008a88                __d2b
 .text.__ratio  0x0000000008008b4c       0x60 /Users/sanyv/code/AC6/SystemWorkbench.app/Contents/Eclipse/plugins/fr.ac6.mcu.externaltools.arm-none.macos64_1.17.0.201812190825/tools/compiler/bin/../lib/gcc/arm-none-eabi/7.3.1/../../../../arm-none-eabi/lib/thumb/v7e-m/fpv4-sp/hard/libc.a(lib_a-mprec.o)
                0x0000000008008b4c                __ratio
 .text.__copybits
                0x0000000008008bac       0x48 /Users/sanyv/code/AC6/SystemWorkbench.app/Contents/Eclipse/plugins/fr.ac6.mcu.externaltools.arm-none.macos64_1.17.0.201812190825/tools/compiler/bin/../lib/gcc/arm-none-eabi/7.3.1/../../../../arm-none-eabi/lib/thumb/v7e-m/fpv4-sp/hard/libc.a(lib_a-mprec.o)
                0x0000000008008bac                __copybits
 .text.__any_on
                0x0000000008008bf4       0x58 /Users/sanyv/code/AC6/SystemWorkbench.app/Contents/Eclipse/plugins/fr.ac6.mcu.externaltools.arm-none.macos64_1.17.0.201812190825/tools/compiler/bin/../lib/gcc/arm-none-eabi/7.3.1/../../../../arm-none-eabi/lib/thumb/v7e-m/fpv4-sp/hard/libc.a(lib_a-mprec.o)
                0x0000000008008bf4                __any_on
 .text.realloc  0x0000000008008c4c       0x10 /Users/sanyv/code/AC6/SystemWorkbench.app/Contents/Eclipse/plugins/fr.ac6.mcu.externaltools.arm-none.macos64_1.17.0.201812190825/tools/compiler/bin/../lib/gcc/arm-none-eabi/7.3.1/../../../../arm-none-eabi/lib/thumb/v7e-m/fpv4-sp/hard/libc.a(lib_a-realloc.o)
                0x0000000008008c4c                realloc
 .text._realloc_r
                0x0000000008008c5c      0x35c /Users/sanyv/code/AC6/SystemWorkbench.app/Contents/Eclipse/plugins/fr.ac6.mcu.externaltools.arm-none.macos64_1.17.0.201812190825/tools/compiler/bin/../lib/gcc/arm-none-eabi/7.3.1/../../../../arm-none-eabi/lib/thumb/v7e-m/fpv4-sp/hard/libc.a(lib_a-reallocr.o)
                0x0000000008008c5c                _realloc_r
 .text.frexp    0x0000000008008fb8       0x68 /Users/sanyv/code/AC6/SystemWorkbench.app/Contents/Eclipse/plugins/fr.ac6.mcu.externaltools.arm-none.macos64_1.17.0.201812190825/tools/compiler/bin/../lib/gcc/arm-none-eabi/7.3.1/../../../../arm-none-eabi/lib/thumb/v7e-m/fpv4-sp/hard/libc.a(lib_a-s_frexp.o)
                0x0000000008008fb8                frexp
 .text._sbrk_r  0x0000000008009020       0x24 /Users/sanyv/code/AC6/SystemWorkbench.app/Contents/Eclipse/plugins/fr.ac6.mcu.externaltools.arm-none.macos64_1.17.0.201812190825/tools/compiler/bin/../lib/gcc/arm-none-eabi/7.3.1/../../../../arm-none-eabi/lib/thumb/v7e-m/fpv4-sp/hard/libc.a(lib_a-sbrkr.o)
                0x0000000008009020                _sbrk_r
 .text.__sccl   0x0000000008009044       0x70 /Users/sanyv/code/AC6/SystemWorkbench.app/Contents/Eclipse/plugins/fr.ac6.mcu.externaltools.arm-none.macos64_1.17.0.201812190825/tools/compiler/bin/../lib/gcc/arm-none-eabi/7.3.1/../../../../arm-none-eabi/lib/thumb/v7e-m/fpv4-sp/hard/libc.a(lib_a-sccl.o)
                0x0000000008009044                __sccl
 .text.nanf     0x00000000080090b4        0xc /Users/sanyv/code/AC6/SystemWorkbench.app/Contents/Eclipse/plugins/fr.ac6.mcu.externaltools.arm-none.macos64_1.17.0.201812190825/tools/compiler/bin/../lib/gcc/arm-none-eabi/7.3.1/../../../../arm-none-eabi/lib/thumb/v7e-m/fpv4-sp/hard/libc.a(lib_a-sf_nan.o)
                0x00000000080090b4                nanf
 .text.strncpy  0x00000000080090c0       0x64 /Users/sanyv/code/AC6/SystemWorkbench.app/Contents/Eclipse/plugins/fr.ac6.mcu.externaltools.arm-none.macos64_1.17.0.201812190825/tools/compiler/bin/../lib/gcc/arm-none-eabi/7.3.1/../../../../arm-none-eabi/lib/thumb/v7e-m/fpv4-sp/hard/libc.a(lib_a-strncpy.o)
                0x00000000080090c0                strncpy
 .text.unlikely.sulp
                0x0000000008009124       0x38 /Users/sanyv/code/AC6/SystemWorkbench.app/Contents/Eclipse/plugins/fr.ac6.mcu.externaltools.arm-none.macos64_1.17.0.201812190825/tools/compiler/bin/../lib/gcc/arm-none-eabi/7.3.1/../../../../arm-none-eabi/lib/thumb/v7e-m/fpv4-sp/hard/libc.a(lib_a-strtod.o)
 *fill*         0x000000000800915c        0x4 
 .text._strtod_l
                0x0000000008009160      0xf1c /Users/sanyv/code/AC6/SystemWorkbench.app/Contents/Eclipse/plugins/fr.ac6.mcu.externaltools.arm-none.macos64_1.17.0.201812190825/tools/compiler/bin/../lib/gcc/arm-none-eabi/7.3.1/../../../../arm-none-eabi/lib/thumb/v7e-m/fpv4-sp/hard/libc.a(lib_a-strtod.o)
                0x0000000008009160                _strtod_l
 .text._strtod_r
                0x000000000800a07c       0x20 /Users/sanyv/code/AC6/SystemWorkbench.app/Contents/Eclipse/plugins/fr.ac6.mcu.externaltools.arm-none.macos64_1.17.0.201812190825/tools/compiler/bin/../lib/gcc/arm-none-eabi/7.3.1/../../../../arm-none-eabi/lib/thumb/v7e-m/fpv4-sp/hard/libc.a(lib_a-strtod.o)
                0x000000000800a07c                _strtod_r
 .text._strtol_l.isra.0
                0x000000000800a09c      0x124 /Users/sanyv/code/AC6/SystemWorkbench.app/Contents/Eclipse/plugins/fr.ac6.mcu.externaltools.arm-none.macos64_1.17.0.201812190825/tools/compiler/bin/../lib/gcc/arm-none-eabi/7.3.1/../../../../arm-none-eabi/lib/thumb/v7e-m/fpv4-sp/hard/libc.a(lib_a-strtol.o)
 .text._strtol_r
                0x000000000800a1c0       0x24 /Users/sanyv/code/AC6/SystemWorkbench.app/Contents/Eclipse/plugins/fr.ac6.mcu.externaltools.arm-none.macos64_1.17.0.201812190825/tools/compiler/bin/../lib/gcc/arm-none-eabi/7.3.1/../../../../arm-none-eabi/lib/thumb/v7e-m/fpv4-sp/hard/libc.a(lib_a-strtol.o)
                0x000000000800a1c0                _strtol_r
 .text._strtoll_l.isra.0
                0x000000000800a1e4      0x19c /Users/sanyv/code/AC6/SystemWorkbench.app/Contents/Eclipse/plugins/fr.ac6.mcu.externaltools.arm-none.macos64_1.17.0.201812190825/tools/compiler/bin/../lib/gcc/arm-none-eabi/7.3.1/../../../../arm-none-eabi/lib/thumb/v7e-m/fpv4-sp/hard/libc.a(lib_a-strtoll.o)
 .text._strtoll_r
                0x000000000800a380       0x24 /Users/sanyv/code/AC6/SystemWorkbench.app/Contents/Eclipse/plugins/fr.ac6.mcu.externaltools.arm-none.macos64_1.17.0.201812190825/tools/compiler/bin/../lib/gcc/arm-none-eabi/7.3.1/../../../../arm-none-eabi/lib/thumb/v7e-m/fpv4-sp/hard/libc.a(lib_a-strtoll.o)
                0x000000000800a380                _strtoll_r
 .text._strtoul_l.isra.0
                0x000000000800a3a4      0x14c /Users/sanyv/code/AC6/SystemWorkbench.app/Contents/Eclipse/plugins/fr.ac6.mcu.externaltools.arm-none.macos64_1.17.0.201812190825/tools/compiler/bin/../lib/gcc/arm-none-eabi/7.3.1/../../../../arm-none-eabi/lib/thumb/v7e-m/fpv4-sp/hard/libc.a(lib_a-strtoul.o)
 .text._strtoul_r
                0x000000000800a4f0       0x24 /Users/sanyv/code/AC6/SystemWorkbench.app/Contents/Eclipse/plugins/fr.ac6.mcu.externaltools.arm-none.macos64_1.17.0.201812190825/tools/compiler/bin/../lib/gcc/arm-none-eabi/7.3.1/../../../../arm-none-eabi/lib/thumb/v7e-m/fpv4-sp/hard/libc.a(lib_a-strtoul.o)
                0x000000000800a4f0                _strtoul_r
 .text._strtoull_l.isra.0
                0x000000000800a514      0x1cc /Users/sanyv/code/AC6/SystemWorkbench.app/Contents/Eclipse/plugins/fr.ac6.mcu.externaltools.arm-none.macos64_1.17.0.201812190825/tools/compiler/bin/../lib/gcc/arm-none-eabi/7.3.1/../../../../arm-none-eabi/lib/thumb/v7e-m/fpv4-sp/hard/libc.a(lib_a-strtoull.o)
 .text._strtoull_r
                0x000000000800a6e0       0x24 /Users/sanyv/code/AC6/SystemWorkbench.app/Contents/Eclipse/plugins/fr.ac6.mcu.externaltools.arm-none.macos64_1.17.0.201812190825/tools/compiler/bin/../lib/gcc/arm-none-eabi/7.3.1/../../../../arm-none-eabi/lib/thumb/v7e-m/fpv4-sp/hard/libc.a(lib_a-strtoull.o)
                0x000000000800a6e0                _strtoull_r
 .text.__ssprint_r
                0x000000000800a704       0xf4 /Users/sanyv/code/AC6/SystemWorkbench.app/Contents/Eclipse/plugins/fr.ac6.mcu.externaltools.arm-none.macos64_1.17.0.201812190825/tools/compiler/bin/../lib/gcc/arm-none-eabi/7.3.1/../../../../arm-none-eabi/lib/thumb/v7e-m/fpv4-sp/hard/libc.a(lib_a-svfiprintf.o)
                0x000000000800a704                __ssprint_r
 .text._sungetc_r
                0x000000000800a7f8       0x7c /Users/sanyv/code/AC6/SystemWorkbench.app/Contents/Eclipse/plugins/fr.ac6.mcu.externaltools.arm-none.macos64_1.17.0.201812190825/tools/compiler/bin/../lib/gcc/arm-none-eabi/7.3.1/../../../../arm-none-eabi/lib/thumb/v7e-m/fpv4-sp/hard/libc.a(lib_a-svfiscanf.o)
                0x000000000800a7f8                _sungetc_r
 .text.__ssrefill_r
                0x000000000800a874       0x3c /Users/sanyv/code/AC6/SystemWorkbench.app/Contents/Eclipse/plugins/fr.ac6.mcu.externaltools.arm-none.macos64_1.17.0.201812190825/tools/compiler/bin/../lib/gcc/arm-none-eabi/7.3.1/../../../../arm-none-eabi/lib/thumb/v7e-m/fpv4-sp/hard/libc.a(lib_a-svfiscanf.o)
                0x000000000800a874                __ssrefill_r
 .text._sfread_r
                0x000000000800a8b0       0x78 /Users/sanyv/code/AC6/SystemWorkbench.app/Contents/Eclipse/plugins/fr.ac6.mcu.externaltools.arm-none.macos64_1.17.0.201812190825/tools/compiler/bin/../lib/gcc/arm-none-eabi/7.3.1/../../../../arm-none-eabi/lib/thumb/v7e-m/fpv4-sp/hard/libc.a(lib_a-svfiscanf.o)
                0x000000000800a8b0                _sfread_r
 .text.__submore
                0x000000000800a928       0x78 /Users/sanyv/code/AC6/SystemWorkbench.app/Contents/Eclipse/plugins/fr.ac6.mcu.externaltools.arm-none.macos64_1.17.0.201812190825/tools/compiler/bin/../lib/gcc/arm-none-eabi/7.3.1/../../../../arm-none-eabi/lib/thumb/v7e-m/fpv4-sp/hard/libc.a(lib_a-ungetc.o)
                0x000000000800a928                __submore
 .text.__ascii_wctomb
                0x000000000800a9a0       0x1c /Users/sanyv/code/AC6/SystemWorkbench.app/Contents/Eclipse/plugins/fr.ac6.mcu.externaltools.arm-none.macos64_1.17.0.201812190825/tools/compiler/bin/../lib/gcc/arm-none-eabi/7.3.1/../../../../arm-none-eabi/lib/thumb/v7e-m/fpv4-sp/hard/libc.a(lib_a-wctomb_r.o)
                0x000000000800a9a0                __ascii_wctomb
 .text.__register_exitproc
                0x000000000800a9bc       0xc0 /Users/sanyv/code/AC6/SystemWorkbench.app/Contents/Eclipse/plugins/fr.ac6.mcu.externaltools.arm-none.macos64_1.17.0.201812190825/tools/compiler/bin/../lib/gcc/arm-none-eabi/7.3.1/../../../../arm-none-eabi/lib/thumb/v7e-m/fpv4-sp/hard/libc.a(lib_a-__atexit.o)
                0x000000000800a9bc                __register_exitproc
 .text._calloc_r
                0x000000000800aa7c       0x68 /Users/sanyv/code/AC6/SystemWorkbench.app/Contents/Eclipse/plugins/fr.ac6.mcu.externaltools.arm-none.macos64_1.17.0.201812190825/tools/compiler/bin/../lib/gcc/arm-none-eabi/7.3.1/../../../../arm-none-eabi/lib/thumb/v7e-m/fpv4-sp/hard/libc.a(lib_a-callocr.o)
                0x000000000800aa7c                _calloc_r
 .text.rshift   0x000000000800aae4       0xb0 /Users/sanyv/code/AC6/SystemWorkbench.app/Contents/Eclipse/plugins/fr.ac6.mcu.externaltools.arm-none.macos64_1.17.0.201812190825/tools/compiler/bin/../lib/gcc/arm-none-eabi/7.3.1/../../../../arm-none-eabi/lib/thumb/v7e-m/fpv4-sp/hard/libc.a(lib_a-gdtoa-gethex.o)
 .text.__gethex
                0x000000000800ab94      0x520 /Users/sanyv/code/AC6/SystemWorkbench.app/Contents/Eclipse/plugins/fr.ac6.mcu.externaltools.arm-none.macos64_1.17.0.201812190825/tools/compiler/bin/../lib/gcc/arm-none-eabi/7.3.1/../../../../arm-none-eabi/lib/thumb/v7e-m/fpv4-sp/hard/libc.a(lib_a-gdtoa-gethex.o)
                0x000000000800ab94                __gethex
 .text.__match  0x000000000800b0b4       0x30 /Users/sanyv/code/AC6/SystemWorkbench.app/Contents/Eclipse/plugins/fr.ac6.mcu.externaltools.arm-none.macos64_1.17.0.201812190825/tools/compiler/bin/../lib/gcc/arm-none-eabi/7.3.1/../../../../arm-none-eabi/lib/thumb/v7e-m/fpv4-sp/hard/libc.a(lib_a-gdtoa-hexnan.o)
                0x000000000800b0b4                __match
 .text.__hexnan
                0x000000000800b0e4      0x1a0 /Users/sanyv/code/AC6/SystemWorkbench.app/Contents/Eclipse/plugins/fr.ac6.mcu.externaltools.arm-none.macos64_1.17.0.201812190825/tools/compiler/bin/../lib/gcc/arm-none-eabi/7.3.1/../../../../arm-none-eabi/lib/thumb/v7e-m/fpv4-sp/hard/libc.a(lib_a-gdtoa-hexnan.o)
                0x000000000800b0e4                __hexnan
 .text.memmove  0x000000000800b284       0xc8 /Users/sanyv/code/AC6/SystemWorkbench.app/Contents/Eclipse/plugins/fr.ac6.mcu.externaltools.arm-none.macos64_1.17.0.201812190825/tools/compiler/bin/../lib/gcc/arm-none-eabi/7.3.1/../../../../arm-none-eabi/lib/thumb/v7e-m/fpv4-sp/hard/libc.a(lib_a-memmove.o)
                0x000000000800b284                memmove
 .text.strncmp  0x000000000800b34c       0x98 /Users/sanyv/code/AC6/SystemWorkbench.app/Contents/Eclipse/plugins/fr.ac6.mcu.externaltools.arm-none.macos64_1.17.0.201812190825/tools/compiler/bin/../lib/gcc/arm-none-eabi/7.3.1/../../../../arm-none-eabi/lib/thumb/v7e-m/fpv4-sp/hard/libc.a(lib_a-strncmp.o)
                0x000000000800b34c                strncmp
 .text._sbrk    0x000000000800b3e4       0x1c /Users/sanyv/code/AC6/SystemWorkbench.app/Contents/Eclipse/plugins/fr.ac6.mcu.externaltools.arm-none.macos64_1.17.0.201812190825/tools/compiler/bin/../lib/gcc/arm-none-eabi/7.3.1/../../../../arm-none-eabi/lib/thumb/v7e-m/fpv4-sp/hard/libnosys.a(sbrk.o)
                0x000000000800b3e4                _sbrk
 *(.glue_7)
 .glue_7        0x000000000800b400        0x0 linker stubs
 *(.glue_7t)
 .glue_7t       0x000000000800b400        0x0 linker stubs
 *(.eh_frame)
 .eh_frame      0x000000000800b400        0x0 /Users/sanyv/code/AC6/SystemWorkbench.app/Contents/Eclipse/plugins/fr.ac6.mcu.externaltools.arm-none.macos64_1.17.0.201812190825/tools/compiler/bin/../lib/gcc/arm-none-eabi/7.3.1/thumb/v7e-m/fpv4-sp/hard/crtbegin.o
 *(.init)
 .init          0x000000000800b400        0x4 /Users/sanyv/code/AC6/SystemWorkbench.app/Contents/Eclipse/plugins/fr.ac6.mcu.externaltools.arm-none.macos64_1.17.0.201812190825/tools/compiler/bin/../lib/gcc/arm-none-eabi/7.3.1/thumb/v7e-m/fpv4-sp/hard/crti.o
                0x000000000800b400                _init
 .init          0x000000000800b404        0x8 /Users/sanyv/code/AC6/SystemWorkbench.app/Contents/Eclipse/plugins/fr.ac6.mcu.externaltools.arm-none.macos64_1.17.0.201812190825/tools/compiler/bin/../lib/gcc/arm-none-eabi/7.3.1/thumb/v7e-m/fpv4-sp/hard/crtn.o
 *(.fini)
 .fini          0x000000000800b40c        0x4 /Users/sanyv/code/AC6/SystemWorkbench.app/Contents/Eclipse/plugins/fr.ac6.mcu.externaltools.arm-none.macos64_1.17.0.201812190825/tools/compiler/bin/../lib/gcc/arm-none-eabi/7.3.1/thumb/v7e-m/fpv4-sp/hard/crti.o
                0x000000000800b40c                _fini
 .fini          0x000000000800b410        0x8 /Users/sanyv/code/AC6/SystemWorkbench.app/Contents/Eclipse/plugins/fr.ac6.mcu.externaltools.arm-none.macos64_1.17.0.201812190825/tools/compiler/bin/../lib/gcc/arm-none-eabi/7.3.1/thumb/v7e-m/fpv4-sp/hard/crtn.o
                0x000000000800b418                . = ALIGN (0x4)
                0x000000000800b418                _etext = .

.vfp11_veneer   0x000000000800b418        0x0
 .vfp11_veneer  0x000000000800b418        0x0 linker stubs

.v4_bx          0x000000000800b418        0x0
 .v4_bx         0x000000000800b418        0x0 linker stubs

.iplt           0x000000000800b418        0x0
 .iplt          0x000000000800b418        0x0 /Users/sanyv/code/AC6/SystemWorkbench.app/Contents/Eclipse/plugins/fr.ac6.mcu.externaltools.arm-none.macos64_1.17.0.201812190825/tools/compiler/bin/../lib/gcc/arm-none-eabi/7.3.1/thumb/v7e-m/fpv4-sp/hard/crtbegin.o

.rodata         0x000000000800b418      0x6bc
                0x000000000800b418                . = ALIGN (0x4)
 *(.rodata)
 *(.rodata*)
 .rodata.cliCheck.str1.4
                0x000000000800b418       0x34 Src/cli.o
 .rodata.cliClear
                0x000000000800b44c        0x5 Src/cli.o
                0x000000000800b44c                cliClear
 *fill*         0x000000000800b451        0x3 
 .rodata.cliClearEOL
                0x000000000800b454        0x4 Src/cli.o
                0x000000000800b454                cliClearEOL
 .rodata.cliClearEOS
                0x000000000800b458        0x4 Src/cli.o
                0x000000000800b458                cliClearEOS
 .rodata.cliCommandTable
                0x000000000800b45c       0x3c Src/cli.o
                0x000000000800b45c                cliCommandTable
 .rodata.cliFuncDuty.str1.4
                0x000000000800b498       0x3d Src/cli.o
 *fill*         0x000000000800b4d5        0x3 
 .rodata.cliFuncHelp.str1.4
                0x000000000800b4d8       0x1b Src/cli.o
                                         0x23 (size before relaxing)
 *fill*         0x000000000800b4f3        0x1 
 .rodata.cliFuncStatus.str1.4
                0x000000000800b4f4       0x69 Src/cli.o
 *fill*         0x000000000800b55d        0x3 
 .rodata.cliFuncTelemetry.str1.4
                0x000000000800b560       0x27 Src/cli.o
 *fill*         0x000000000800b587        0x1 
 .rodata.cliFuncVer.str1.4
                0x000000000800b588       0x11 Src/cli.o
 *fill*         0x000000000800b599        0x3 
 .rodata.cliHome
                0x000000000800b59c        0x4 Src/cli.o
                0x000000000800b59c                cliHome
 .rodata.cliInit.str1.4
                0x000000000800b5a0        0xf Src/cli.o
 *fill*         0x000000000800b5af        0x1 
 .rodata.cliPrompt.str1.4
                0x000000000800b5b0        0x5 Src/cli.o
 *fill*         0x000000000800b5b5        0x3 
 .rodata.cliUsage.str1.4
                0x000000000800b5b8        0x8 Src/cli.o
 .rodata.str1.4
                0x000000000800b5c0       0xd0 Src/cli.o
 .rodata.SystemClock_Config.str1.4
                0x000000000800b690        0xe Src/main.o
 *fill*         0x000000000800b69e        0x2 
 .rodata.AHBPrescTable
                0x000000000800b6a0       0x10 Src/system_stm32f4xx.o
                0x000000000800b6a0                AHBPrescTable
 .rodata.APBPrescTable
                0x000000000800b6b0        0x8 Src/system_stm32f4xx.o
                0x000000000800b6b0                APBPrescTable
 .rodata._global_impure_ptr
                0x000000000800b6b8        0x4 /Users/sanyv/code/AC6/SystemWorkbench.app/Contents/Eclipse/plugins/fr.ac6.mcu.externaltools.arm-none.macos64_1.17.0.201812190825/tools/compiler/bin/../lib/gcc/arm-none-eabi/7.3.1/../../../../arm-none-eabi/lib/thumb/v7e-m/fpv4-sp/hard/libc.a(lib_a-impure.o)
                0x000000000800b6b8                _global_impure_ptr
 .rodata._svfprintf_r.str1.4
                0x000000000800b6bc       0x42 /Users/sanyv/code/AC6/SystemWorkbench.app/Contents/Eclipse/plugins/fr.ac6.mcu.externaltools.arm-none.macos64_1.17.0.201812190825/tools/compiler/bin/../lib/gcc/arm-none-eabi/7.3.1/../../../../arm-none-eabi/lib/thumb/v7e-m/fpv4-sp/hard/libc.a(lib_a-svfprintf.o)
 *fill*         0x000000000800b6fe        0x2 
 .rodata.blanks.8590
                0x000000000800b700       0x10 /Users/sanyv/code/AC6/SystemWorkbench.app/Contents/Eclipse/plugins/fr.ac6.mcu.externaltools.arm-none.macos64_1.17.0.201812190825/tools/compiler/bin/../lib/gcc/arm-none-eabi/7.3.1/../../../../arm-none-eabi/lib/thumb/v7e-m/fpv4-sp/hard/libc.a(lib_a-svfprintf.o)
 .rodata.zeroes.8591
                0x000000000800b710       0x10 /Users/sanyv/code/AC6/SystemWorkbench.app/Contents/Eclipse/plugins/fr.ac6.mcu.externaltools.arm-none.macos64_1.17.0.201812190825/tools/compiler/bin/../lib/gcc/arm-none-eabi/7.3.1/../../../../arm-none-eabi/lib/thumb/v7e-m/fpv4-sp/hard/libc.a(lib_a-svfprintf.o)
 .rodata.__ssvfscanf_r.str1.4
                0x000000000800b720        0x5 /Users/sanyv/code/AC6/SystemWorkbench.app/Contents/Eclipse/plugins/fr.ac6.mcu.externaltools.arm-none.macos64_1.17.0.201812190825/tools/compiler/bin/../lib/gcc/arm-none-eabi/7.3.1/../../../../arm-none-eabi/lib/thumb/v7e-m/fpv4-sp/hard/libc.a(lib_a-svfscanf.o)
 *fill*         0x000000000800b725        0x3 
 .rodata.basefix.8667
                0x000000000800b728       0x22 /Users/sanyv/code/AC6/SystemWorkbench.app/Contents/Eclipse/plugins/fr.ac6.mcu.externaltools.arm-none.macos64_1.17.0.201812190825/tools/compiler/bin/../lib/gcc/arm-none-eabi/7.3.1/../../../../arm-none-eabi/lib/thumb/v7e-m/fpv4-sp/hard/libc.a(lib_a-svfscanf.o)
 *fill*         0x000000000800b74a        0x2 
 .rodata._dtoa_r.str1.4
                0x000000000800b74c       0x10 /Users/sanyv/code/AC6/SystemWorkbench.app/Contents/Eclipse/plugins/fr.ac6.mcu.externaltools.arm-none.macos64_1.17.0.201812190825/tools/compiler/bin/../lib/gcc/arm-none-eabi/7.3.1/../../../../arm-none-eabi/lib/thumb/v7e-m/fpv4-sp/hard/libc.a(lib_a-dtoa.o)
                                         0x12 (size before relaxing)
 .rodata._setlocale_r.str1.4
                0x000000000800b75c        0xa /Users/sanyv/code/AC6/SystemWorkbench.app/Contents/Eclipse/plugins/fr.ac6.mcu.externaltools.arm-none.macos64_1.17.0.201812190825/tools/compiler/bin/../lib/gcc/arm-none-eabi/7.3.1/../../../../arm-none-eabi/lib/thumb/v7e-m/fpv4-sp/hard/libc.a(lib_a-locale.o)
                                          0xd (size before relaxing)
 *fill*         0x000000000800b766        0x2 
 .rodata.str1.4
                0x000000000800b768        0x2 /Users/sanyv/code/AC6/SystemWorkbench.app/Contents/Eclipse/plugins/fr.ac6.mcu.externaltools.arm-none.macos64_1.17.0.201812190825/tools/compiler/bin/../lib/gcc/arm-none-eabi/7.3.1/../../../../arm-none-eabi/lib/thumb/v7e-m/fpv4-sp/hard/libc.a(lib_a-locale.o)
 .rodata._mbrtowc_r.str1.4
                0x000000000800b76a        0x1 /Users/sanyv/code/AC6/SystemWorkbench.app/Contents/Eclipse/plugins/fr.ac6.mcu.externaltools.arm-none.macos64_1.17.0.201812190825/tools/compiler/bin/../lib/gcc/arm-none-eabi/7.3.1/../../../../arm-none-eabi/lib/thumb/v7e-m/fpv4-sp/hard/libc.a(lib_a-mbrtowc.o)
 *fill*         0x000000000800b76a        0x6 
 .rodata.__mprec_bigtens
                0x000000000800b770       0x28 /Users/sanyv/code/AC6/SystemWorkbench.app/Contents/Eclipse/plugins/fr.ac6.mcu.externaltools.arm-none.macos64_1.17.0.201812190825/tools/compiler/bin/../lib/gcc/arm-none-eabi/7.3.1/../../../../arm-none-eabi/lib/thumb/v7e-m/fpv4-sp/hard/libc.a(lib_a-mprec.o)
                0x000000000800b770                __mprec_bigtens
 .rodata.__mprec_tens
                0x000000000800b798       0xc8 /Users/sanyv/code/AC6/SystemWorkbench.app/Contents/Eclipse/plugins/fr.ac6.mcu.externaltools.arm-none.macos64_1.17.0.201812190825/tools/compiler/bin/../lib/gcc/arm-none-eabi/7.3.1/../../../../arm-none-eabi/lib/thumb/v7e-m/fpv4-sp/hard/libc.a(lib_a-mprec.o)
                0x000000000800b798                __mprec_tens
 .rodata.p05.7367
                0x000000000800b860        0xc /Users/sanyv/code/AC6/SystemWorkbench.app/Contents/Eclipse/plugins/fr.ac6.mcu.externaltools.arm-none.macos64_1.17.0.201812190825/tools/compiler/bin/../lib/gcc/arm-none-eabi/7.3.1/../../../../arm-none-eabi/lib/thumb/v7e-m/fpv4-sp/hard/libc.a(lib_a-mprec.o)
 .rodata._strtod_l.str1.4
                0x000000000800b86c       0x10 /Users/sanyv/code/AC6/SystemWorkbench.app/Contents/Eclipse/plugins/fr.ac6.mcu.externaltools.arm-none.macos64_1.17.0.201812190825/tools/compiler/bin/../lib/gcc/arm-none-eabi/7.3.1/../../../../arm-none-eabi/lib/thumb/v7e-m/fpv4-sp/hard/libc.a(lib_a-strtod.o)
                                          0xf (size before relaxing)
 .rodata.fpi.7447
                0x000000000800b87c       0x14 /Users/sanyv/code/AC6/SystemWorkbench.app/Contents/Eclipse/plugins/fr.ac6.mcu.externaltools.arm-none.macos64_1.17.0.201812190825/tools/compiler/bin/../lib/gcc/arm-none-eabi/7.3.1/../../../../arm-none-eabi/lib/thumb/v7e-m/fpv4-sp/hard/libc.a(lib_a-strtod.o)
 .rodata.fpinan.7483
                0x000000000800b890       0x14 /Users/sanyv/code/AC6/SystemWorkbench.app/Contents/Eclipse/plugins/fr.ac6.mcu.externaltools.arm-none.macos64_1.17.0.201812190825/tools/compiler/bin/../lib/gcc/arm-none-eabi/7.3.1/../../../../arm-none-eabi/lib/thumb/v7e-m/fpv4-sp/hard/libc.a(lib_a-strtod.o)
 *fill*         0x000000000800b8a4        0x4 
 .rodata.tinytens
                0x000000000800b8a8       0x28 /Users/sanyv/code/AC6/SystemWorkbench.app/Contents/Eclipse/plugins/fr.ac6.mcu.externaltools.arm-none.macos64_1.17.0.201812190825/tools/compiler/bin/../lib/gcc/arm-none-eabi/7.3.1/../../../../arm-none-eabi/lib/thumb/v7e-m/fpv4-sp/hard/libc.a(lib_a-strtod.o)
 .rodata._ctype_
                0x000000000800b8d0      0x101 /Users/sanyv/code/AC6/SystemWorkbench.app/Contents/Eclipse/plugins/fr.ac6.mcu.externaltools.arm-none.macos64_1.17.0.201812190825/tools/compiler/bin/../lib/gcc/arm-none-eabi/7.3.1/../../../../arm-none-eabi/lib/thumb/v7e-m/fpv4-sp/hard/libc.a(lib_a-ctype_.o)
                0x000000000800b8d0                _ctype_
 *fill*         0x000000000800b9d1        0x3 
 .rodata.__hexdig
                0x000000000800b9d4      0x100 /Users/sanyv/code/AC6/SystemWorkbench.app/Contents/Eclipse/plugins/fr.ac6.mcu.externaltools.arm-none.macos64_1.17.0.201812190825/tools/compiler/bin/../lib/gcc/arm-none-eabi/7.3.1/../../../../arm-none-eabi/lib/thumb/v7e-m/fpv4-sp/hard/libc.a(lib_a-gdtoa-gethex.o)
                0x000000000800b9d4                __hexdig
                0x000000000800bad4                . = ALIGN (0x4)

.ARM.extab
 *(.ARM.extab* .gnu.linkonce.armextab.*)

.ARM            0x000000000800bad4        0x8
                0x000000000800bad4                __exidx_start = .
 *(.ARM.exidx*)
 .ARM.exidx     0x000000000800bad4        0x8 /Users/sanyv/code/AC6/SystemWorkbench.app/Contents/Eclipse/plugins/fr.ac6.mcu.externaltools.arm-none.macos64_1.17.0.201812190825/tools/compiler/bin/../lib/gcc/arm-none-eabi/7.3.1/thumb/v7e-m/fpv4-sp/hard/libgcc.a(_udivmoddi4.o)
                0x000000000800badc                __exidx_end = .

.rel.dyn        0x000000000800badc        0x0
 .rel.iplt      0x000000000800badc        0x0 /Users/sanyv/code/AC6/SystemWorkbench.app/Contents/Eclipse/plugins/fr.ac6.mcu.externaltools.arm-none.macos64_1.17.0.201812190825/tools/compiler/bin/../lib/gcc/arm-none-eabi/7.3.1/thumb/v7e-m/fpv4-sp/hard/crtbegin.o

.preinit_array  0x000000000800badc        0x0
                0x000000000800badc                PROVIDE (__preinit_array_start = .)
 *(.preinit_array*)
                0x000000000800badc                PROVIDE (__preinit_array_end = .)

.init_array     0x000000000800badc        0x8
                0x000000000800badc                PROVIDE (__init_array_start = .)
 *(SORT_BY_NAME(.init_array.*))
 .init_array.00000
                0x000000000800badc        0x4 /Users/sanyv/code/AC6/SystemWorkbench.app/Contents/Eclipse/plugins/fr.ac6.mcu.externaltools.arm-none.macos64_1.17.0.201812190825/tools/compiler/bin/../lib/gcc/arm-none-eabi/7.3.1/../../../../arm-none-eabi/lib/thumb/v7e-m/fpv4-sp/hard/libc.a(lib_a-__call_atexit.o)
 *(.init_array*)
 .init_array    0x000000000800bae0        0x4 /Users/sanyv/code/AC6/SystemWorkbench.app/Contents/Eclipse/plugins/fr.ac6.mcu.externaltools.arm-none.macos64_1.17.0.201812190825/tools/compiler/bin/../lib/gcc/arm-none-eabi/7.3.1/thumb/v7e-m/fpv4-sp/hard/crtbegin.o
                0x000000000800bae4                PROVIDE (__init_array_end = .)

.fini_array     0x000000000800bae4        0x4
                0x000000000800bae4                PROVIDE (__fini_array_start = .)
 *(SORT_BY_NAME(.fini_array.*))
 *(.fini_array*)
 .fini_array    0x000000000800bae4        0x4 /Users/sanyv/code/AC6/SystemWorkbench.app/Contents/Eclipse/plugins/fr.ac6.mcu.externaltools.arm-none.macos64_1.17.0.201812190825/tools/compiler/bin/../lib/gcc/arm-none-eabi/7.3.1/thumb/v7e-m/fpv4-sp/hard/crtbegin.o
                0x000000000800bae8                PROVIDE (__fini_array_end = .)
                0x000000000800bae8                _sidata = LOADADDR (.data)

.data           0x0000000020000000      0x9d8 load address 0x000000000800bae8
                0x0000000020000000                . = ALIGN (0x4)
                0x0000000020000000                _sdata = .
 *(.data)
 *(.data*)
 .data.cliStates
                0x0000000020000000       0x14 Src/cli.o
                0x0000000020000000                cliStates
 .data.runError
                0x0000000020000014        0x4 Src/cli.o
                0x0000000020000014                runError
 .data.DWT_CONTROL
                0x0000000020000018        0x4 Src/main.o
                0x0000000020000018                DWT_CONTROL
 .data.DWT_CYCCNT
                0x000000002000001c        0x4 Src/main.o
                0x000000002000001c                DWT_CYCCNT
 .data.SCB_DEMCR
                0x0000000020000020        0x4 Src/main.o
                0x0000000020000020                SCB_DEMCR
 .data.SystemCoreClock
                0x0000000020000024        0x4 Src/system_stm32f4xx.o
                0x0000000020000024                SystemCoreClock
 .data._impure_ptr
                0x0000000020000028        0x4 /Users/sanyv/code/AC6/SystemWorkbench.app/Contents/Eclipse/plugins/fr.ac6.mcu.externaltools.arm-none.macos64_1.17.0.201812190825/tools/compiler/bin/../lib/gcc/arm-none-eabi/7.3.1/../../../../arm-none-eabi/lib/thumb/v7e-m/fpv4-sp/hard/libc.a(lib_a-impure.o)
                0x0000000020000028                _impure_ptr
 *fill*         0x000000002000002c        0x4 
 .data.impure_data
                0x0000000020000030      0x428 /Users/sanyv/code/AC6/SystemWorkbench.app/Contents/Eclipse/plugins/fr.ac6.mcu.externaltools.arm-none.macos64_1.17.0.201812190825/tools/compiler/bin/../lib/gcc/arm-none-eabi/7.3.1/../../../../arm-none-eabi/lib/thumb/v7e-m/fpv4-sp/hard/libc.a(lib_a-impure.o)
 .data.__atexit_recursive_mutex
                0x0000000020000458        0x4 /Users/sanyv/code/AC6/SystemWorkbench.app/Contents/Eclipse/plugins/fr.ac6.mcu.externaltools.arm-none.macos64_1.17.0.201812190825/tools/compiler/bin/../lib/gcc/arm-none-eabi/7.3.1/../../../../arm-none-eabi/lib/thumb/v7e-m/fpv4-sp/hard/libc.a(lib_a-__call_atexit.o)
                0x0000000020000458                __atexit_recursive_mutex
 .data.__global_locale
                0x000000002000045c      0x16c /Users/sanyv/code/AC6/SystemWorkbench.app/Contents/Eclipse/plugins/fr.ac6.mcu.externaltools.arm-none.macos64_1.17.0.201812190825/tools/compiler/bin/../lib/gcc/arm-none-eabi/7.3.1/../../../../arm-none-eabi/lib/thumb/v7e-m/fpv4-sp/hard/libc.a(lib_a-locale.o)
                0x000000002000045c                __global_locale
 .data.__malloc_av_
                0x00000000200005c8      0x408 /Users/sanyv/code/AC6/SystemWorkbench.app/Contents/Eclipse/plugins/fr.ac6.mcu.externaltools.arm-none.macos64_1.17.0.201812190825/tools/compiler/bin/../lib/gcc/arm-none-eabi/7.3.1/../../../../arm-none-eabi/lib/thumb/v7e-m/fpv4-sp/hard/libc.a(lib_a-mallocr.o)
                0x00000000200005c8                __malloc_av_
 .data.__malloc_sbrk_base
                0x00000000200009d0        0x4 /Users/sanyv/code/AC6/SystemWorkbench.app/Contents/Eclipse/plugins/fr.ac6.mcu.externaltools.arm-none.macos64_1.17.0.201812190825/tools/compiler/bin/../lib/gcc/arm-none-eabi/7.3.1/../../../../arm-none-eabi/lib/thumb/v7e-m/fpv4-sp/hard/libc.a(lib_a-mallocr.o)
                0x00000000200009d0                __malloc_sbrk_base
 .data.__malloc_trim_threshold
                0x00000000200009d4        0x4 /Users/sanyv/code/AC6/SystemWorkbench.app/Contents/Eclipse/plugins/fr.ac6.mcu.externaltools.arm-none.macos64_1.17.0.201812190825/tools/compiler/bin/../lib/gcc/arm-none-eabi/7.3.1/../../../../arm-none-eabi/lib/thumb/v7e-m/fpv4-sp/hard/libc.a(lib_a-mallocr.o)
                0x00000000200009d4                __malloc_trim_threshold
                0x00000000200009d8                . = ALIGN (0x4)
                0x00000000200009d8                _edata = .
                0x000000000800c4c0                _siccmram = LOADADDR (.ccmram)

.igot.plt       0x00000000200009d8        0x0 load address 0x000000000800c4c0
 .igot.plt      0x00000000200009d8        0x0 /Users/sanyv/code/AC6/SystemWorkbench.app/Contents/Eclipse/plugins/fr.ac6.mcu.externaltools.arm-none.macos64_1.17.0.201812190825/tools/compiler/bin/../lib/gcc/arm-none-eabi/7.3.1/thumb/v7e-m/fpv4-sp/hard/crtbegin.o

.ccmram         0x0000000010000000        0x0 load address 0x000000000800c4c0
                0x0000000010000000                . = ALIGN (0x4)
                0x0000000010000000                _sccmram = .
 *(.ccmram)
 *(.ccmram*)
                0x0000000010000000                . = ALIGN (0x4)
                0x0000000010000000                _eccmram = .
                0x0000000010000000                . = ALIGN (0x4)

.bss            0x00000000200009d8     0x1498
                0x00000000200009d8                _sbss = .
                0x00000000200009d8                __bss_start__ = _sbss
 *(.bss)
 .bss           0x00000000200009d8       0x1c /Users/sanyv/code/AC6/SystemWorkbench.app/Contents/Eclipse/plugins/fr.ac6.mcu.externaltools.arm-none.macos64_1.17.0.201812190825/tools/compiler/bin/../lib/gcc/arm-none-eabi/7.3.1/thumb/v7e-m/fpv4-sp/hard/crtbegin.o
 *(.bss*)
 .bss.angle     0x00000000200009f4        0x4 Src/main.o
                0x00000000200009f4                angle
 .bss.histIndex
                0x00000000200009f8        0x2 Src/main.o
                0x00000000200009f8                histIndex
 .bss.nextStep  0x00000000200009fa        0x1 Src/main.o
                0x00000000200009fa                nextStep
 *fill*         0x00000000200009fb        0x1 
 .bss.hiBits.9981
                0x00000000200009fc        0x2 Src/timer.o
 .bss.timerLast.9980
                0x00000000200009fe        0x2 Src/timer.o
 .bss.__malloc_current_mallinfo
                0x0000000020000a00       0x28 /Users/sanyv/code/AC6/SystemWorkbench.app/Contents/Eclipse/plugins/fr.ac6.mcu.externaltools.arm-none.macos64_1.17.0.201812190825/tools/compiler/bin/../lib/gcc/arm-none-eabi/7.3.1/../../../../arm-none-eabi/lib/thumb/v7e-m/fpv4-sp/hard/libc.a(lib_a-mallocr.o)
                0x0000000020000a00                __malloc_current_mallinfo
 .bss.__malloc_max_sbrked_mem
                0x0000000020000a28        0x4 /Users/sanyv/code/AC6/SystemWorkbench.app/Contents/Eclipse/plugins/fr.ac6.mcu.externaltools.arm-none.macos64_1.17.0.201812190825/tools/compiler/bin/../lib/gcc/arm-none-eabi/7.3.1/../../../../arm-none-eabi/lib/thumb/v7e-m/fpv4-sp/hard/libc.a(lib_a-mallocr.o)
                0x0000000020000a28                __malloc_max_sbrked_mem
 .bss.__malloc_max_total_mem
                0x0000000020000a2c        0x4 /Users/sanyv/code/AC6/SystemWorkbench.app/Contents/Eclipse/plugins/fr.ac6.mcu.externaltools.arm-none.macos64_1.17.0.201812190825/tools/compiler/bin/../lib/gcc/arm-none-eabi/7.3.1/../../../../arm-none-eabi/lib/thumb/v7e-m/fpv4-sp/hard/libc.a(lib_a-mallocr.o)
                0x0000000020000a2c                __malloc_max_total_mem
 .bss.__malloc_top_pad
                0x0000000020000a30        0x4 /Users/sanyv/code/AC6/SystemWorkbench.app/Contents/Eclipse/plugins/fr.ac6.mcu.externaltools.arm-none.macos64_1.17.0.201812190825/tools/compiler/bin/../lib/gcc/arm-none-eabi/7.3.1/../../../../arm-none-eabi/lib/thumb/v7e-m/fpv4-sp/hard/libc.a(lib_a-mallocr.o)
                0x0000000020000a30                __malloc_top_pad
 .bss.heap_end.5377
                0x0000000020000a34        0x4 /Users/sanyv/code/AC6/SystemWorkbench.app/Contents/Eclipse/plugins/fr.ac6.mcu.externaltools.arm-none.macos64_1.17.0.201812190825/tools/compiler/bin/../lib/gcc/arm-none-eabi/7.3.1/../../../../arm-none-eabi/lib/thumb/v7e-m/fpv4-sp/hard/libnosys.a(sbrk.o)
 *(COMMON)
 COMMON         0x0000000020000a38        0x7 Src/adc.o
                0x0000000020000a38                adcRawData
                0x0000000020000a3e                STATE
 *fill*         0x0000000020000a3f        0x1 
 COMMON         0x0000000020000a40       0x7c Src/cli.o
                0x0000000020000a40                cliTelemetry
                0x0000000020000a44                version
                0x0000000020000a54                runCount
                0x0000000020000a58                tempBuf
                0x0000000020000a98                cliBuf
                0x0000000020000ab8                cliBufIndex
 COMMON         0x0000000020000abc      0x244 Src/main.o
                0x0000000020000abc                fetStepDir
                0x0000000020000ac0                adcMaxPeriod
                0x0000000020000ac4                adcAmpsOffset
                0x0000000020000ac8                detectedCrossing
                0x0000000020000acc                frame_10Hz
                0x0000000020000ad0                OldGood
                0x0000000020000ad4                IntB
                0x0000000020000ad8                IntA
                0x0000000020000adc                oldIdleCounter
                0x0000000020000ae0                frameCounter
                0x0000000020000ae4                minCycles
                0x0000000020000ae8                adcStateA
                0x0000000020000ae9                frame_5Hz
                0x0000000020000aea                frame_1Hz
                0x0000000020000aec                BadDetected
                0x0000000020000af0                adcAdvance
                0x0000000020000af4                avgA
                0x0000000020000af8                idlePercent
                0x0000000020000afc                fetCommutationMicros
                0x0000000020000b00                DeadTime
                0x0000000020000b04                PeriodMicros
                0x0000000020000b08                state
                0x0000000020000b0c                currentMicros
                0x0000000020000b10                oldMicros
                0x0000000020000b14                IntC
                0x0000000020000b18                RPM
                0x0000000020000b1c                totalCycles
                0x0000000020000b20                Period_PWM
                0x0000000020000b24                crossingPeriod2
                0x0000000020000b28                frame_400Hz
                0x0000000020000b2c                runRpmLPF
                0x0000000020000b30                avgB
                0x0000000020000b34                valN
                0x0000000020000b38                Pulse_width
                0x0000000020000b3c                GoodDetected
                0x0000000020000b40                mainDuty
                0x0000000020000b44                rpm
                0x0000000020000b48                cycles
                0x0000000020000b4c                crossingPeriod
                0x0000000020000b50                histC
                0x0000000020000bd0                adcStateC
                0x0000000020000bd1                frame_50Hz
                0x0000000020000bd4                idleCounter
                0x0000000020000bd8                inputMode
                0x0000000020000bda                histSize
                0x0000000020000bdc                nextCrossingDetect
                0x0000000020000be0                fetStep
                0x0000000020000be1                frame_100Hz
                0x0000000020000be4                histA
                0x0000000020000c64                duty
                0x0000000020000c68                adcStateB
                0x0000000020000c69                frame_200Hz
                0x0000000020000c6c                adcCrossingPeriod
                0x0000000020000c70                runRPMFactor
                0x0000000020000c74                histB
                0x0000000020000cf4                avgC
                0x0000000020000cf8                frame_500Hz
                0x0000000020000cfc                adcMinPeriod
 COMMON         0x0000000020000d00     0x1114 Src/serial.o
                0x0000000020000d00                serialPort
 COMMON         0x0000000020001e14       0x18 Src/tim.o
                0x0000000020001e14                TimerClockPWM
                0x0000000020001e18                CommutationFreq
                0x0000000020001e1c                TimerClock
                0x0000000020001e20                Prescaler
                0x0000000020001e24                Period
                0x0000000020001e28                Prescaler_PWM
 COMMON         0x0000000020001e2c       0x1c Src/timer.o
                0x0000000020001e2c                timerMicros
                0x0000000020001e30                timerData
 COMMON         0x0000000020001e48       0x21 /Users/sanyv/code/AC6/SystemWorkbench.app/Contents/Eclipse/plugins/fr.ac6.mcu.externaltools.arm-none.macos64_1.17.0.201812190825/tools/compiler/bin/../lib/gcc/arm-none-eabi/7.3.1/../../../../arm-none-eabi/lib/thumb/v7e-m/fpv4-sp/hard/libc.a(lib_a-lock.o)
                0x0000000020001e48                __lock___atexit_recursive_mutex
                0x0000000020001e4c                __lock___arc4random_mutex
                0x0000000020001e50                __lock___env_recursive_mutex
                0x0000000020001e54                __lock___sinit_recursive_mutex
                0x0000000020001e58                __lock___malloc_recursive_mutex
                0x0000000020001e5c                __lock___at_quick_exit_mutex
                0x0000000020001e60                __lock___dd_hash_mutex
                0x0000000020001e64                __lock___tz_mutex
                0x0000000020001e68                __lock___sfp_recursive_mutex
 *fill*         0x0000000020001e69        0x3 
 COMMON         0x0000000020001e6c        0x4 /Users/sanyv/code/AC6/SystemWorkbench.app/Contents/Eclipse/plugins/fr.ac6.mcu.externaltools.arm-none.macos64_1.17.0.201812190825/tools/compiler/bin/../lib/gcc/arm-none-eabi/7.3.1/../../../../arm-none-eabi/lib/thumb/v7e-m/fpv4-sp/hard/libc.a(lib_a-reent.o)
                0x0000000020001e6c                errno
                0x0000000020001e70                . = ALIGN (0x4)
                0x0000000020001e70                _ebss = .
                0x0000000020001e70                __bss_end__ = _ebss

._user_heap_stack
                0x0000000020001e70      0x600
                0x0000000020001e70                . = ALIGN (0x8)
                0x0000000020001e70                PROVIDE (end = .)
                [!provide]                        PROVIDE (_end = .)
                0x0000000020002070                . = (. + _Min_Heap_Size)
 *fill*         0x0000000020001e70      0x200 
                0x0000000020002470                . = (. + _Min_Stack_Size)
 *fill*         0x0000000020002070      0x400 
                0x0000000020002470                . = ALIGN (0x8)

/DISCARD/
 libc.a(*)
 libm.a(*)
 libgcc.a(*)

.ARM.attributes
                0x0000000000000000       0x30
 *(.ARM.attributes)
 .ARM.attributes
                0x0000000000000000       0x22 /Users/sanyv/code/AC6/SystemWorkbench.app/Contents/Eclipse/plugins/fr.ac6.mcu.externaltools.arm-none.macos64_1.17.0.201812190825/tools/compiler/bin/../lib/gcc/arm-none-eabi/7.3.1/thumb/v7e-m/fpv4-sp/hard/crti.o
 .ARM.attributes
                0x0000000000000022       0x34 /Users/sanyv/code/AC6/SystemWorkbench.app/Contents/Eclipse/plugins/fr.ac6.mcu.externaltools.arm-none.macos64_1.17.0.201812190825/tools/compiler/bin/../lib/gcc/arm-none-eabi/7.3.1/thumb/v7e-m/fpv4-sp/hard/crtbegin.o
 .ARM.attributes
                0x0000000000000056       0x39 Drivers/STM32F4xx_HAL_Driver/Src/stm32f4xx_ll_adc.o
 .ARM.attributes
                0x000000000000008f       0x39 Drivers/STM32F4xx_HAL_Driver/Src/stm32f4xx_ll_gpio.o
 .ARM.attributes
                0x00000000000000c8       0x39 Drivers/STM32F4xx_HAL_Driver/Src/stm32f4xx_ll_rcc.o
 .ARM.attributes
                0x0000000000000101       0x39 Drivers/STM32F4xx_HAL_Driver/Src/stm32f4xx_ll_tim.o
 .ARM.attributes
                0x000000000000013a       0x39 Drivers/STM32F4xx_HAL_Driver/Src/stm32f4xx_ll_usart.o
 .ARM.attributes
                0x0000000000000173       0x39 Drivers/STM32F4xx_HAL_Driver/Src/stm32f4xx_ll_utils.o
 .ARM.attributes
                0x00000000000001ac       0x39 Src/adc.o
 .ARM.attributes
                0x00000000000001e5       0x39 Src/cli.o
 .ARM.attributes
                0x000000000000021e       0x39 Src/dma.o
 .ARM.attributes
                0x0000000000000257       0x39 Src/gpio.o
 .ARM.attributes
                0x0000000000000290       0x39 Src/main.o
 .ARM.attributes
                0x00000000000002c9       0x39 Src/serial.o
 .ARM.attributes
                0x0000000000000302       0x39 Src/system_stm32f4xx.o
 .ARM.attributes
                0x000000000000033b       0x39 Src/tim.o
 .ARM.attributes
                0x0000000000000374       0x39 Src/timer.o
 .ARM.attributes
                0x00000000000003ad       0x39 Src/usart.o
 .ARM.attributes
                0x00000000000003e6       0x21 startup/startup_stm32f407xx.o
 .ARM.attributes
                0x0000000000000407       0x22 /Users/sanyv/code/AC6/SystemWorkbench.app/Contents/Eclipse/plugins/fr.ac6.mcu.externaltools.arm-none.macos64_1.17.0.201812190825/tools/compiler/bin/../lib/gcc/arm-none-eabi/7.3.1/thumb/v7e-m/fpv4-sp/hard/libgcc.a(_arm_addsubdf3.o)
 .ARM.attributes
                0x0000000000000429       0x34 /Users/sanyv/code/AC6/SystemWorkbench.app/Contents/Eclipse/plugins/fr.ac6.mcu.externaltools.arm-none.macos64_1.17.0.201812190825/tools/compiler/bin/../lib/gcc/arm-none-eabi/7.3.1/../../../../arm-none-eabi/lib/thumb/v7e-m/fpv4-sp/hard/libc.a(lib_a-bsearch.o)
 .ARM.attributes
                0x000000000000045d       0x34 /Users/sanyv/code/AC6/SystemWorkbench.app/Contents/Eclipse/plugins/fr.ac6.mcu.externaltools.arm-none.macos64_1.17.0.201812190825/tools/compiler/bin/../lib/gcc/arm-none-eabi/7.3.1/../../../../arm-none-eabi/lib/thumb/v7e-m/fpv4-sp/hard/libc.a(lib_a-impure.o)
 .ARM.attributes
                0x0000000000000491       0x34 /Users/sanyv/code/AC6/SystemWorkbench.app/Contents/Eclipse/plugins/fr.ac6.mcu.externaltools.arm-none.macos64_1.17.0.201812190825/tools/compiler/bin/../lib/gcc/arm-none-eabi/7.3.1/../../../../arm-none-eabi/lib/thumb/v7e-m/fpv4-sp/hard/libc.a(lib_a-init.o)
 .ARM.attributes
                0x00000000000004c5       0x20 /Users/sanyv/code/AC6/SystemWorkbench.app/Contents/Eclipse/plugins/fr.ac6.mcu.externaltools.arm-none.macos64_1.17.0.201812190825/tools/compiler/bin/../lib/gcc/arm-none-eabi/7.3.1/../../../../arm-none-eabi/lib/thumb/v7e-m/fpv4-sp/hard/libc.a(lib_a-memcpy.o)
 .ARM.attributes
                0x00000000000004e5       0x34 /Users/sanyv/code/AC6/SystemWorkbench.app/Contents/Eclipse/plugins/fr.ac6.mcu.externaltools.arm-none.macos64_1.17.0.201812190825/tools/compiler/bin/../lib/gcc/arm-none-eabi/7.3.1/../../../../arm-none-eabi/lib/thumb/v7e-m/fpv4-sp/hard/libc.a(lib_a-memset.o)
 .ARM.attributes
                0x0000000000000519       0x34 /Users/sanyv/code/AC6/SystemWorkbench.app/Contents/Eclipse/plugins/fr.ac6.mcu.externaltools.arm-none.macos64_1.17.0.201812190825/tools/compiler/bin/../lib/gcc/arm-none-eabi/7.3.1/../../../../arm-none-eabi/lib/thumb/v7e-m/fpv4-sp/hard/libc.a(lib_a-sprintf.o)
 .ARM.attributes
                0x000000000000054d       0x34 /Users/sanyv/code/AC6/SystemWorkbench.app/Contents/Eclipse/plugins/fr.ac6.mcu.externaltools.arm-none.macos64_1.17.0.201812190825/tools/compiler/bin/../lib/gcc/arm-none-eabi/7.3.1/../../../../arm-none-eabi/lib/thumb/v7e-m/fpv4-sp/hard/libc.a(lib_a-sscanf.o)
 .ARM.attributes
                0x0000000000000581       0x34 /Users/sanyv/code/AC6/SystemWorkbench.app/Contents/Eclipse/plugins/fr.ac6.mcu.externaltools.arm-none.macos64_1.17.0.201812190825/tools/compiler/bin/../lib/gcc/arm-none-eabi/7.3.1/../../../../arm-none-eabi/lib/thumb/v7e-m/fpv4-sp/hard/libc.a(lib_a-stdio.o)
 .ARM.attributes
                0x00000000000005b5       0x20 /Users/sanyv/code/AC6/SystemWorkbench.app/Contents/Eclipse/plugins/fr.ac6.mcu.externaltools.arm-none.macos64_1.17.0.201812190825/tools/compiler/bin/../lib/gcc/arm-none-eabi/7.3.1/../../../../arm-none-eabi/lib/thumb/v7e-m/fpv4-sp/hard/libc.a(lib_a-strlen.o)
 .ARM.attributes
                0x00000000000005d5       0x34 /Users/sanyv/code/AC6/SystemWorkbench.app/Contents/Eclipse/plugins/fr.ac6.mcu.externaltools.arm-none.macos64_1.17.0.201812190825/tools/compiler/bin/../lib/gcc/arm-none-eabi/7.3.1/../../../../arm-none-eabi/lib/thumb/v7e-m/fpv4-sp/hard/libc.a(lib_a-strncasecmp.o)
 .ARM.attributes
                0x0000000000000609       0x34 /Users/sanyv/code/AC6/SystemWorkbench.app/Contents/Eclipse/plugins/fr.ac6.mcu.externaltools.arm-none.macos64_1.17.0.201812190825/tools/compiler/bin/../lib/gcc/arm-none-eabi/7.3.1/../../../../arm-none-eabi/lib/thumb/v7e-m/fpv4-sp/hard/libc.a(lib_a-svfprintf.o)
 .ARM.attributes
                0x000000000000063d       0x34 /Users/sanyv/code/AC6/SystemWorkbench.app/Contents/Eclipse/plugins/fr.ac6.mcu.externaltools.arm-none.macos64_1.17.0.201812190825/tools/compiler/bin/../lib/gcc/arm-none-eabi/7.3.1/../../../../arm-none-eabi/lib/thumb/v7e-m/fpv4-sp/hard/libc.a(lib_a-svfscanf.o)
 .ARM.attributes
                0x0000000000000671       0x34 /Users/sanyv/code/AC6/SystemWorkbench.app/Contents/Eclipse/plugins/fr.ac6.mcu.externaltools.arm-none.macos64_1.17.0.201812190825/tools/compiler/bin/../lib/gcc/arm-none-eabi/7.3.1/../../../../arm-none-eabi/lib/thumb/v7e-m/fpv4-sp/hard/libc.a(lib_a-vsnprintf.o)
 .ARM.attributes
                0x00000000000006a5       0x34 /Users/sanyv/code/AC6/SystemWorkbench.app/Contents/Eclipse/plugins/fr.ac6.mcu.externaltools.arm-none.macos64_1.17.0.201812190825/tools/compiler/bin/../lib/gcc/arm-none-eabi/7.3.1/../../../../arm-none-eabi/lib/thumb/v7e-m/fpv4-sp/hard/libc.a(lib_a-__call_atexit.o)
 .ARM.attributes
                0x00000000000006d9       0x34 /Users/sanyv/code/AC6/SystemWorkbench.app/Contents/Eclipse/plugins/fr.ac6.mcu.externaltools.arm-none.macos64_1.17.0.201812190825/tools/compiler/bin/../lib/gcc/arm-none-eabi/7.3.1/../../../../arm-none-eabi/lib/thumb/v7e-m/fpv4-sp/hard/libc.a(lib_a-atexit.o)
 .ARM.attributes
                0x000000000000070d       0x34 /Users/sanyv/code/AC6/SystemWorkbench.app/Contents/Eclipse/plugins/fr.ac6.mcu.externaltools.arm-none.macos64_1.17.0.201812190825/tools/compiler/bin/../lib/gcc/arm-none-eabi/7.3.1/../../../../arm-none-eabi/lib/thumb/v7e-m/fpv4-sp/hard/libc.a(lib_a-dtoa.o)
 .ARM.attributes
                0x0000000000000741       0x34 /Users/sanyv/code/AC6/SystemWorkbench.app/Contents/Eclipse/plugins/fr.ac6.mcu.externaltools.arm-none.macos64_1.17.0.201812190825/tools/compiler/bin/../lib/gcc/arm-none-eabi/7.3.1/../../../../arm-none-eabi/lib/thumb/v7e-m/fpv4-sp/hard/libc.a(lib_a-fini.o)
 .ARM.attributes
                0x0000000000000775       0x34 /Users/sanyv/code/AC6/SystemWorkbench.app/Contents/Eclipse/plugins/fr.ac6.mcu.externaltools.arm-none.macos64_1.17.0.201812190825/tools/compiler/bin/../lib/gcc/arm-none-eabi/7.3.1/../../../../arm-none-eabi/lib/thumb/v7e-m/fpv4-sp/hard/libc.a(lib_a-freer.o)
 .ARM.attributes